cofg is TrainingConfig(OUT_DIR='out', DATA_DIR='data', EVAL_INTERVAL=200, EVAL_ITERS=50, LOG_INTERVAL=50, SAVE_CHECKPOINT=True, N_LAYER=4, N_HEAD=4, N_EMBD=128, DROPOUT=0.1, BIAS=True, SEED=1, DEVICE='cpu', DTYPE='float32', BATCH_SIZE=32, BLOCK_SIZE=256, MAX_ITERS=500, LEARNING_RATE='3e-4', WEIGHT_DECAY=0.1, GRAD_CLIP=1.0, EMISSIONS_DIR='one')
{'vocab_size': 65, 'itos': {0: '\n', 1: ' ', 2: '!', 3: '$', 4: '&', 5: "'", 6: ',', 7: '-', 8: '.', 9: '3', 10: ':', 11: ';', 12: '?', 13: 'A', 14: 'B', 15: 'C', 16: 'D', 17: 'E', 18: 'F', 19: 'G', 20: 'H', 21: 'I', 22: 'J', 23: 'K', 24: 'L', 25: 'M', 26: 'N', 27: 'O', 28: 'P', 29: 'Q', 30: 'R', 31: 'S', 32: 'T', 33: 'U', 34: 'V', 35: 'W', 36: 'X', 37: 'Y', 38: 'Z', 39: 'a', 40: 'b', 41: 'c', 42: 'd', 43: 'e', 44: 'f', 45: 'g', 46: 'h', 47: 'i', 48: 'j', 49: 'k', 50: 'l', 51: 'm', 52: 'n', 53: 'o', 54: 'p', 55: 'q', 56: 'r', 57: 's', 58: 't', 59: 'u', 60: 'v', 61: 'w', 62: 'x', 63: 'y', 64: 'z'}, 'stoi': {'\n': 0, ' ': 1, '!': 2, '$': 3, '&': 4, "'": 5, ',': 6, '-': 7, '.': 8, '3': 9, ':': 10, ';': 11, '?': 12, 'A': 13, 'B': 14, 'C': 15, 'D': 16, 'E': 17, 'F': 18, 'G': 19, 'H': 20, 'I': 21, 'J': 22, 'K': 23, 'L': 24, 'M': 25, 'N': 26, 'O': 27, 'P': 28, 'Q': 29, 'R': 30, 'S': 31, 'T': 32, 'U': 33, 'V': 34, 'W': 35, 'X': 36, 'Y': 37, 'Z': 38, 'a': 39, 'b': 40, 'c': 41, 'd': 42, 'e': 43, 'f': 44, 'g': 45, 'h': 46, 'i': 47, 'j': 48, 'k': 49, 'l': 50, 'm': 51, 'n': 52, 'o': 53, 'p': 54, 'q': 55, 'r': 56, 's': 57, 't': 58, 'u': 59, 'v': 60, 'w': 61, 'x': 62, 'y': 63, 'z': 64}, 'train_fraction': 0.9, 'dataset': 'tiny_shakespeare_char', 'source_url': 'https://raw.githubusercontent.com/karpathy/char-rnn/master/data/tinyshakespeare/input.txt'}
iter     0 | train loss 4.1789 | val loss 4.1780 | elapsed 59.5s
iter     0 | loss 4.1802
iter    50 | loss 2.8487
iter   100 | loss 2.6194
iter   150 | loss 2.5471
iter   200 | train loss 2.4996 | val loss 2.4941 | elapsed 498.8s
iter   200 | loss 2.5444
iter   250 | loss 2.4931
iter   300 | loss 2.4714
iter   350 | loss 2.4376
iter   400 | train loss 2.4098 | val loss 2.4252 | elapsed 933.9s
iter   400 | loss 2.4409
iter   450 | loss 2.4538
iter   500 | loss 2.4188

--- Sustainability Functional Unit Report ---
Scenario: one
Total Tokens Processed: 4,096,000
Total Emissions: 0.7905 gCO2e
Functional Unit Impact: 0.1930 gCO2e per 1M tokens
Training completed.

------------------------------------------------------------
Sender: LSF System <lsfadmin@hpc.dtu.dk>
Subject: Job 28042203: <slm> in cluster <dcc> Done

Job <slm> was submitted from host <n-62-27-17> by user <s250379> in cluster <dcc> at Sun Mar 15 10:59:42 2026
Job was executed on host(s) <4*n-62-28-29>, in queue <hpc>, as user <s250379> in cluster <dcc> at Sun Mar 15 10:59:42 2026
</zhome/fd/2/219569> was used as the home directory.
</zhome/fd/2/219569/slms> was used as the working directory.
Started at Sun Mar 15 10:59:42 2026
Terminated at Sun Mar 15 11:18:49 2026
Results reported at Sun Mar 15 11:18:49 2026

Your job looked like:

------------------------------------------------------------
# LSBATCH: User input
#!/bin/bash
#BSUB -R "rusage[mem=2GB] span[hosts=1]"
#BSUB -q hpc
#BSUB -W 10:00
#BSUB -J slm
#BSUB -n 4
#BSUB -o hpcoutput/one_%J.out
#BSUB -e hpcoutput/one_%J.err

# InitializePythonenvironment
source /dtu/projects/02613_2025/conda/conda_init.sh
conda deactivate

conda activate ~/my_env

python src/train.py --exp one

------------------------------------------------------------

Successfully completed.

Resource usage summary:

    CPU time :                                   1147.66 sec.
    Max Memory :                                 1443 MB
    Average Memory :                             1129.09 MB
    Total Requested Memory :                     8192.00 MB
    Delta Memory :                               6749.00 MB
    Max Swap :                                   -
    Max Processes :                              4
    Max Threads :                                8
    Run time :                                   1241 sec.
    Turnaround time :                            1147 sec.

The output (if any) is above this job summary.



PS:

Read file <hpcoutput/one_28042203.err> for stderr output of this job.

