To be, or not to be help.

KING RICHARD II:
What not we are for be my soul prove the world.

DUKE VINCENTIO:
What my conted the part of the can the compled
The cast the death bear the soul sees of the came.

POLIXENES:
It am my lord, and hear that me, I would me,
And the may conselved the part of action
Who the seaking of the parts of his sight,
And the may lord, the from the rest of the come the bood
And the prove 

--- Prompting Functional Unit Report ---
Scenario: four_long
Model: baseline.pt | Temp: 0.5 | Max tokens: 400
Characters generated: 400
Total Emissions: 0.003762 gCO2eq

------------------------------------------------------------
Sender: LSF System <lsfadmin@hpc.dtu.dk>
Subject: Job 28384738: <prompt4long> in cluster <dcc> Done

Job <prompt4long> was submitted from host <n-62-27-19> by user <s250379> in cluster <dcc> at Thu May  7 12:08:55 2026
Job was executed on host(s) <4*n-62-20-11>, in queue <gpuv100>, as user <s250379> in cluster <dcc> at Thu May  7 15:08:13 2026
</zhome/fd/2/219569> was used as the home directory.
</zhome/fd/2/219569/slms> was used as the working directory.
Started at Thu May  7 15:08:13 2026
Terminated at Thu May  7 15:08:21 2026
Results reported at Thu May  7 15:08:21 2026

Your job looked like:

------------------------------------------------------------
# LSBATCH: User input
#!/bin/bash
#BSUB -R "rusage[mem=1GB] span[hosts=1]"
#BSUB -gpu "num=1:mode=exclusive_process"
#BSUB -q gpuv100
#BSUB -W 00:05
#BSUB -J prompt4long
#BSUB -n 4
#BSUB -o hpcoutput/prompt4long_%J.out
#BSUB -e hpcoutput/prompt4long_%J.err



source /dtu/projects/02613_2025/conda/conda_init.sh
conda deactivate

conda activate ~/my_env

python src/prompt.py --exp four_long

------------------------------------------------------------

Successfully completed.

Resource usage summary:

    CPU time :                                   5.27 sec.
    Max Memory :                                 -
    Average Memory :                             -
    Total Requested Memory :                     4096.00 MB
    Delta Memory :                               -
    Max Swap :                                   -
    Max Processes :                              -
    Max Threads :                                -
    Run time :                                   8 sec.
    Turnaround time :                            10766 sec.

The output (if any) is above this job summary.



PS:

Read file <hpcoutput/prompt4long_28384738.err> for stderr output of this job.

