To be, or not to be the come of minest
And the hart would hath suffices this well,
In think you are prove, sence stay be the doop
To pully honour slay having and see would him.

LADY ANNE:
Give the shall we men to son a

--- Prompting Functional Unit Report ---
Scenario: five_mid_high
Model: baseline.pt | Temp: 0.75 | Max tokens: 200
Characters generated: 200
Total Emissions: 0.002463 gCO2eq

------------------------------------------------------------
Sender: LSF System <lsfadmin@hpc.dtu.dk>
Subject: Job 28362763: <prompt5midhigh> in cluster <dcc> Done

Job <prompt5midhigh> was submitted from host <n-62-30-8> by user <s250379> in cluster <dcc> at Tue May  5 20:42:29 2026
Job was executed on host(s) <4*n-62-20-11>, in queue <gpuv100>, as user <s250379> in cluster <dcc> at Tue May  5 20:47:22 2026
</zhome/fd/2/219569> was used as the home directory.
</zhome/fd/2/219569/slms> was used as the working directory.
Started at Tue May  5 20:47:22 2026
Terminated at Tue May  5 20:47:30 2026
Results reported at Tue May  5 20:47:30 2026

Your job looked like:

------------------------------------------------------------
# LSBATCH: User input
#!/bin/bash
#BSUB -R "rusage[mem=3GB] span[hosts=1]"
#BSUB -gpu "num=1:mode=exclusive_process"
#BSUB -q gpuv100
#BSUB -W 1:00
#BSUB -J prompt5midhigh
#BSUB -n 4
#BSUB -o hpcoutput/prompt5midhigh_%J.out
#BSUB -e hpcoutput/prompt5midhigh_%J.err



source /dtu/projects/02613_2025/conda/conda_init.sh
conda deactivate

conda activate ~/my_env

python src/prompt.py --exp five_mid_high

------------------------------------------------------------

Successfully completed.

Resource usage summary:

    CPU time :                                   5.28 sec.
    Max Memory :                                 -
    Average Memory :                             -
    Total Requested Memory :                     12288.00 MB
    Delta Memory :                               -
    Max Swap :                                   -
    Max Processes :                              -
    Max Threads :                                -
    Run time :                                   8 sec.
    Turnaround time :                            301 sec.

The output (if any) is above this job summary.



PS:

Read file <hpcoutput/prompt5midhigh_28362763.err> for stderr output of this job.

