To be, or not to better the charged the priece
That the true so and for his day me the such and
That he but the more world the love of the compt of may
But the was my provide in you take out a for
In soul, the see the w

--- Prompting Functional Unit Report ---
Scenario: five_mid
Model: baseline.pt | Temp: 0.5 | Max tokens: 200
Characters generated: 200
Total Emissions: 0.001557 gCO2eq

------------------------------------------------------------
Sender: LSF System <lsfadmin@hpc.dtu.dk>
Subject: Job 28405522: <prompt5mid> in cluster <dcc> Done

Job <prompt5mid> was submitted from host <n-62-9-40> by user <s250379> in cluster <dcc> at Tue May 12 13:44:45 2026
Job was executed on host(s) <4*n-62-11-16>, in queue <gpuv100>, as user <s250379> in cluster <dcc> at Tue May 12 15:17:39 2026
</zhome/fd/2/219569> was used as the home directory.
</zhome/fd/2/219569/slms> was used as the working directory.
Started at Tue May 12 15:17:39 2026
Terminated at Tue May 12 15:17:45 2026
Results reported at Tue May 12 15:17:45 2026

Your job looked like:

------------------------------------------------------------
# LSBATCH: User input
#!/bin/bash
#BSUB -R "rusage[mem=1GB] span[hosts=1]"
#BSUB -gpu "num=1:mode=exclusive_process"
#BSUB -q gpuv100
#BSUB -W 00:05
#BSUB -J prompt5mid
#BSUB -n 4
#BSUB -o hpcoutput/prompt5mid_%J.out
#BSUB -e hpcoutput/prompt5mid_%J.err


source /dtu/projects/02613_2025/conda/conda_init.sh
conda deactivate

conda activate ~/my_env

python src/prompt.py --exp five_mid

------------------------------------------------------------

Successfully completed.

Resource usage summary:

    CPU time :                                   4.10 sec.
    Max Memory :                                 -
    Average Memory :                             -
    Total Requested Memory :                     4096.00 MB
    Delta Memory :                               -
    Max Swap :                                   -
    Max Processes :                              -
    Max Threads :                                -
    Run time :                                   6 sec.
    Turnaround time :                            5580 sec.

The output (if any) is above this job summary.



PS:

Read file <hpcoutput/prompt5mid_28405522.err> for stderr output of this job.

