To be, or not to beld thou she heart the hath slaw
And pronce a leave the say to son.

POMPEY:
My lord.

First Murderer:
No, what traitor.

First Servingman:
No,
What sir, my lord fith have see that here;
The made see w

--- Prompting Functional Unit Report ---
Scenario: five_mid_high
Model: baseline.pt | Temp: 0.75 | Max tokens: 200
Characters generated: 200
Total Emissions: 0.002254 gCO2eq

------------------------------------------------------------
Sender: LSF System <lsfadmin@hpc.dtu.dk>
Subject: Job 28384742: <prompt5midhigh> in cluster <dcc> Done

Job <prompt5midhigh> was submitted from host <n-62-27-19> by user <s250379> in cluster <dcc> at Thu May  7 12:08:57 2026
Job was executed on host(s) <4*n-62-20-11>, in queue <gpuv100>, as user <s250379> in cluster <dcc> at Thu May  7 15:10:15 2026
</zhome/fd/2/219569> was used as the home directory.
</zhome/fd/2/219569/slms> was used as the working directory.
Started at Thu May  7 15:10:15 2026
Terminated at Thu May  7 15:10:22 2026
Results reported at Thu May  7 15:10:22 2026

Your job looked like:

------------------------------------------------------------
# LSBATCH: User input
#!/bin/bash
#BSUB -R "rusage[mem=1GB] span[hosts=1]"
#BSUB -gpu "num=1:mode=exclusive_process"
#BSUB -q gpuv100
#BSUB -W 00:05
#BSUB -J prompt5midhigh
#BSUB -n 4
#BSUB -o hpcoutput/prompt5midhigh_%J.out
#BSUB -e hpcoutput/prompt5midhigh_%J.err



source /dtu/projects/02613_2025/conda/conda_init.sh
conda deactivate

conda activate ~/my_env

python src/prompt.py --exp five_mid_high

------------------------------------------------------------

Successfully completed.

Resource usage summary:

    CPU time :                                   4.67 sec.
    Max Memory :                                 -
    Average Memory :                             -
    Total Requested Memory :                     4096.00 MB
    Delta Memory :                               -
    Max Swap :                                   -
    Max Processes :                              -
    Max Threads :                                -
    Run time :                                   7 sec.
    Turnaround time :                            10885 sec.

The output (if any) is above this job summary.



PS:

Read file <hpcoutput/prompt5midhigh_28384742.err> for stderr output of this job.

