To be, or not to be me have such see
That it you and world of the par

--- Prompting Functional Unit Report ---
Scenario: four_short
Model: baseline.pt | Temp: 0.5 | Max tokens: 50
Characters generated: 50
Total Emissions: 0.002805 gCO2eq

------------------------------------------------------------
Sender: LSF System <lsfadmin@hpc.dtu.dk>
Subject: Job 28405516: <prompt4short> in cluster <dcc> Done

Job <prompt4short> was submitted from host <n-62-9-40> by user <s250379> in cluster <dcc> at Tue May 12 13:44:43 2026
Job was executed on host(s) <4*n-62-20-12>, in queue <gpuv100>, as user <s250379> in cluster <dcc> at Tue May 12 14:02:26 2026
</zhome/fd/2/219569> was used as the home directory.
</zhome/fd/2/219569/slms> was used as the working directory.
Started at Tue May 12 14:02:26 2026
Terminated at Tue May 12 14:03:38 2026
Results reported at Tue May 12 14:03:38 2026

Your job looked like:

------------------------------------------------------------
# LSBATCH: User input
#!/bin/bash
#BSUB -R "rusage[mem=1GB] span[hosts=1]"
#BSUB -gpu "num=1:mode=exclusive_process"
#BSUB -q gpuv100
#BSUB -W 00:05
#BSUB -J prompt4short
#BSUB -n 4
#BSUB -o hpcoutput/prompt4short_%J.out
#BSUB -e hpcoutput/prompt4short_%J.err



source /dtu/projects/02613_2025/conda/conda_init.sh
conda deactivate

conda activate ~/my_env

python src/prompt.py --exp four_short

------------------------------------------------------------

Successfully completed.

Resource usage summary:

    CPU time :                                   6.00 sec.
    Max Memory :                                 238 MB
    Average Memory :                             230.67 MB
    Total Requested Memory :                     4096.00 MB
    Delta Memory :                               3858.00 MB
    Max Swap :                                   -
    Max Processes :                              4
    Max Threads :                                7
    Run time :                                   72 sec.
    Turnaround time :                            1135 sec.

The output (if any) is above this job summary.



PS:

Read file <hpcoutput/prompt4short_28405516.err> for stderr output of this job.

