To be, or not to beg to your shall the part,
Which in the crown the were that the hold father
And her father the power that the peak all thee soul
That the suffer the come of this days.

LEONTES:
No, will not the day, when I warrrant that would
To hear say of the bettter that a slains of the world.

MENENIUS:
I will not the done of of your soul be man,
The may and a dispater to thy hanger to the hands
The please the

--- Prompting Functional Unit Report ---
Scenario: four_long
Model: baseline.pt | Temp: 0.5 | Max tokens: 400
Characters generated: 400
Total Emissions: 0.003876 gCO2eq

------------------------------------------------------------
Sender: LSF System <lsfadmin@hpc.dtu.dk>
Subject: Job 28405519: <prompt4long> in cluster <dcc> Done

Job <prompt4long> was submitted from host <n-62-9-40> by user <s250379> in cluster <dcc> at Tue May 12 13:44:44 2026
Job was executed on host(s) <4*n-62-20-12>, in queue <gpuv100>, as user <s250379> in cluster <dcc> at Tue May 12 15:05:01 2026
</zhome/fd/2/219569> was used as the home directory.
</zhome/fd/2/219569/slms> was used as the working directory.
Started at Tue May 12 15:05:01 2026
Terminated at Tue May 12 15:05:12 2026
Results reported at Tue May 12 15:05:12 2026

Your job looked like:

------------------------------------------------------------
# LSBATCH: User input
#!/bin/bash
#BSUB -R "rusage[mem=1GB] span[hosts=1]"
#BSUB -gpu "num=1:mode=exclusive_process"
#BSUB -q gpuv100
#BSUB -W 00:05
#BSUB -J prompt4long
#BSUB -n 4
#BSUB -o hpcoutput/prompt4long_%J.out
#BSUB -e hpcoutput/prompt4long_%J.err



source /dtu/projects/02613_2025/conda/conda_init.sh
conda deactivate

conda activate ~/my_env

python src/prompt.py --exp four_long

------------------------------------------------------------

Successfully completed.

Resource usage summary:

    CPU time :                                   5.74 sec.
    Max Memory :                                 -
    Average Memory :                             -
    Total Requested Memory :                     4096.00 MB
    Delta Memory :                               -
    Max Swap :                                   -
    Max Processes :                              -
    Max Threads :                                -
    Run time :                                   11 sec.
    Turnaround time :                            4828 sec.

The output (if any) is above this job summary.



PS:

Read file <hpcoutput/prompt4long_28405519.err> for stderr output of this job.

