To be, or not to be warrish himself,
And the court a the call the power,
When the man the well so the see for the states,
Which the did so the show may fair to thee
My stolding to the come to the shall bad one this
But the pardon the poor sons and of his father,
Where is a the state shall can in the commes
To have banish'd the pawer to but of should bed
The perice to the world of him the body.

LEONTES:
A she be a t

--- Prompting Functional Unit Report ---
Scenario: four_long
Model: baseline.pt | Temp: 0.5 | Max tokens: 400
Characters generated: 400
Total Emissions: 0.004136 gCO2eq

------------------------------------------------------------
Sender: LSF System <lsfadmin@hpc.dtu.dk>
Subject: Job 28362758: <prompt4long> in cluster <dcc> Done

Job <prompt4long> was submitted from host <n-62-30-8> by user <s250379> in cluster <dcc> at Tue May  5 20:42:28 2026
Job was executed on host(s) <4*n-62-20-11>, in queue <gpuv100>, as user <s250379> in cluster <dcc> at Tue May  5 20:46:23 2026
</zhome/fd/2/219569> was used as the home directory.
</zhome/fd/2/219569/slms> was used as the working directory.
Started at Tue May  5 20:46:23 2026
Terminated at Tue May  5 20:46:32 2026
Results reported at Tue May  5 20:46:32 2026

Your job looked like:

------------------------------------------------------------
# LSBATCH: User input
#!/bin/bash
#BSUB -R "rusage[mem=3GB] span[hosts=1]"
#BSUB -gpu "num=1:mode=exclusive_process"
#BSUB -q gpuv100
#BSUB -W 1:00
#BSUB -J prompt4long
#BSUB -n 4
#BSUB -o hpcoutput/prompt4long_%J.out
#BSUB -e hpcoutput/prompt4long_%J.err



source /dtu/projects/02613_2025/conda/conda_init.sh
conda deactivate

conda activate ~/my_env

python src/prompt.py --exp four_long

------------------------------------------------------------

Successfully completed.

Resource usage summary:

    CPU time :                                   5.96 sec.
    Max Memory :                                 -
    Average Memory :                             -
    Total Requested Memory :                     12288.00 MB
    Delta Memory :                               -
    Max Swap :                                   -
    Max Processes :                              -
    Max Threads :                                -
    Run time :                                   9 sec.
    Turnaround time :                            244 sec.

The output (if any) is above this job summary.



PS:

Read file <hpcoutput/prompt4long_28362758.err> for stderr output of this job.

