To be, or not to be a succh a wears man.

KING EDWARD IV:
But he have me and and in the but the propersence;
I will not the stand in the porture
That shall be to him the pardon the say,
That the posen that the did of th

--- Prompting Functional Unit Report ---
Scenario: four_mid
Model: baseline.pt | Temp: 0.5 | Max tokens: 200
Characters generated: 200
Total Emissions: 0.002260 gCO2eq

------------------------------------------------------------
Sender: LSF System <lsfadmin@hpc.dtu.dk>
Subject: Job 28384736: <prompt4mid> in cluster <dcc> Done

Job <prompt4mid> was submitted from host <n-62-27-19> by user <s250379> in cluster <dcc> at Thu May  7 12:08:55 2026
Job was executed on host(s) <4*n-62-20-11>, in queue <gpuv100>, as user <s250379> in cluster <dcc> at Thu May  7 15:07:13 2026
</zhome/fd/2/219569> was used as the home directory.
</zhome/fd/2/219569/slms> was used as the working directory.
Started at Thu May  7 15:07:13 2026
Terminated at Thu May  7 15:07:21 2026
Results reported at Thu May  7 15:07:21 2026

Your job looked like:

------------------------------------------------------------
# LSBATCH: User input
#!/bin/bash
#BSUB -R "rusage[mem=1GB] span[hosts=1]"
#BSUB -gpu "num=1:mode=exclusive_process"
#BSUB -q gpuv100
#BSUB -W 00:05
#BSUB -J prompt4mid
#BSUB -n 4
#BSUB -o hpcoutput/prompt4mid_%J.out
#BSUB -e hpcoutput/prompt4mid_%J.err


source /dtu/projects/02613_2025/conda/conda_init.sh
conda deactivate

conda activate ~/my_env

python src/prompt.py --exp four_mid

------------------------------------------------------------

Successfully completed.

Resource usage summary:

    CPU time :                                   4.70 sec.
    Max Memory :                                 -
    Average Memory :                             -
    Total Requested Memory :                     4096.00 MB
    Delta Memory :                               -
    Max Swap :                                   -
    Max Processes :                              -
    Max Threads :                                -
    Run time :                                   8 sec.
    Turnaround time :                            10706 sec.

The output (if any) is above this job summary.



PS:

Read file <hpcoutput/prompt4mid_28384736.err> for stderr output of this job.

