To be, or not to be him hearth
The see with so him of the see part th

--- Prompting Functional Unit Report ---
Scenario: four_short
Model: baseline.pt | Temp: 0.5 | Max tokens: 50
Characters generated: 50
Total Emissions: 0.009907 gCO2eq

------------------------------------------------------------
Sender: LSF System <lsfadmin@hpc.dtu.dk>
Subject: Job 28362754: <prompt4short> in cluster <dcc> Done

Job <prompt4short> was submitted from host <n-62-30-8> by user <s250379> in cluster <dcc> at Tue May  5 20:42:27 2026
Job was executed on host(s) <4*n-62-11-16>, in queue <gpuv100>, as user <s250379> in cluster <dcc> at Tue May  5 20:44:53 2026
</zhome/fd/2/219569> was used as the home directory.
</zhome/fd/2/219569/slms> was used as the working directory.
Started at Tue May  5 20:44:53 2026
Terminated at Tue May  5 20:45:34 2026
Results reported at Tue May  5 20:45:34 2026

Your job looked like:

------------------------------------------------------------
# LSBATCH: User input
#!/bin/bash
#BSUB -R "rusage[mem=3GB] span[hosts=1]"
#BSUB -gpu "num=1:mode=exclusive_process"
#BSUB -q gpuv100
#BSUB -W 1:00
#BSUB -J prompt4short
#BSUB -n 4
#BSUB -o hpcoutput/prompt4short_%J.out
#BSUB -e hpcoutput/prompt4short_%J.err



source /dtu/projects/02613_2025/conda/conda_init.sh
conda deactivate

conda activate ~/my_env

python src/prompt.py --exp four_short

------------------------------------------------------------

Successfully completed.

Resource usage summary:

    CPU time :                                   5.00 sec.
    Max Memory :                                 129 MB
    Average Memory :                             129.00 MB
    Total Requested Memory :                     12288.00 MB
    Delta Memory :                               12159.00 MB
    Max Swap :                                   -
    Max Processes :                              4
    Max Threads :                                7
    Run time :                                   41 sec.
    Turnaround time :                            187 sec.

The output (if any) is above this job summary.



PS:

Read file <hpcoutput/prompt4short_28362754.err> for stderr output of this job.

