To be, or not to be the come to the come of the come
The prove the shall the prove of the prover of the see
The see the prove the prove the part of the country.

KING RICHARD II:
The do the shall the death the come the 

--- Prompting Functional Unit Report ---
Scenario: five_low
Model: baseline.pt | Temp: 0.1 | Max tokens: 200
Characters generated: 200
Total Emissions: 0.001567 gCO2eq

------------------------------------------------------------
Sender: LSF System <lsfadmin@hpc.dtu.dk>
Subject: Job 28405520: <prompt5low> in cluster <dcc> Done

Job <prompt5low> was submitted from host <n-62-9-40> by user <s250379> in cluster <dcc> at Tue May 12 13:44:44 2026
Job was executed on host(s) <4*n-62-11-16>, in queue <gpuv100>, as user <s250379> in cluster <dcc> at Tue May 12 15:16:38 2026
</zhome/fd/2/219569> was used as the home directory.
</zhome/fd/2/219569/slms> was used as the working directory.
Started at Tue May 12 15:16:38 2026
Terminated at Tue May 12 15:16:45 2026
Results reported at Tue May 12 15:16:45 2026

Your job looked like:

------------------------------------------------------------
# LSBATCH: User input
#!/bin/bash
#BSUB -R "rusage[mem=1GB] span[hosts=1]"
#BSUB -gpu "num=1:mode=exclusive_process"
#BSUB -q gpuv100
#BSUB -W 00:05
#BSUB -J prompt5low
#BSUB -n 4
#BSUB -o hpcoutput/prompt5low_%J.out
#BSUB -e hpcoutput/prompt5low_%J.err



source /dtu/projects/02613_2025/conda/conda_init.sh
conda deactivate

conda activate ~/my_env

python src/prompt.py --exp five_low

------------------------------------------------------------

Successfully completed.

Resource usage summary:

    CPU time :                                   4.13 sec.
    Max Memory :                                 -
    Average Memory :                             -
    Total Requested Memory :                     4096.00 MB
    Delta Memory :                               -
    Max Swap :                                   -
    Max Processes :                              -
    Max Threads :                                -
    Run time :                                   7 sec.
    Turnaround time :                            5521 sec.

The output (if any) is above this job summary.



PS:

Read file <hpcoutput/prompt5low_28405520.err> for stderr output of this job.

