To be, or not to be the part of the hart
The world the soul of the part of the son,
Which the will the shall the world him son.

POMPEY:
Ay, is a the present the see the world of the place,
Which will the prove heart, a

--- Prompting Functional Unit Report ---
Scenario: five_mid_low
Model: baseline.pt | Temp: 0.3 | Max tokens: 200
Characters generated: 200
Total Emissions: 0.001676 gCO2eq

------------------------------------------------------------
Sender: LSF System <lsfadmin@hpc.dtu.dk>
Subject: Job 28362193: <prompt5midlow> in cluster <dcc> Done

Job <prompt5midlow> was submitted from host <n-62-27-19> by user <s250379> in cluster <dcc> at Tue May  5 19:07:10 2026
Job was executed on host(s) <4*n-62-20-4>, in queue <gpuv100>, as user <s250379> in cluster <dcc> at Tue May  5 19:37:08 2026
</zhome/fd/2/219569> was used as the home directory.
</zhome/fd/2/219569/slms> was used as the working directory.
Started at Tue May  5 19:37:08 2026
Terminated at Tue May  5 19:37:16 2026
Results reported at Tue May  5 19:37:16 2026

Your job looked like:

------------------------------------------------------------
# LSBATCH: User input
#!/bin/bash
#BSUB -R "rusage[mem=3GB] span[hosts=1]"
#BSUB -gpu "num=1:mode=exclusive_process"
#BSUB -q gpuv100
#BSUB -W 1:00
#BSUB -J prompt5midlow
#BSUB -n 4
#BSUB -o hpcoutput/prompt5midlow_%J.out
#BSUB -e hpcoutput/prompt5midlow_%J.err


source /dtu/projects/02613_2025/conda/conda_init.sh
conda deactivate

conda activate ~/my_env

python src/prompt.py --exp five_mid_low

------------------------------------------------------------

Successfully completed.

Resource usage summary:

    CPU time :                                   5.15 sec.
    Max Memory :                                 -
    Average Memory :                             -
    Total Requested Memory :                     12288.00 MB
    Delta Memory :                               -
    Max Swap :                                   -
    Max Processes :                              -
    Max Threads :                                -
    Run time :                                   8 sec.
    Turnaround time :                            1806 sec.

The output (if any) is above this job summary.



PS:

Read file <hpcoutput/prompt5midlow_28362193.err> for stderr output of this job.

