To be, or not to be the can of man
The both to the shall the country son,
To had you to the power, the power, when the
In the dear to the part in the part with thou ast,
That whom the death thou true of this word.

KING RICHARD II:
The send to the have and the cause to my proyal the for the corce
The may prove of him.

--- Prompting Functional Unit Report ---
Scenario: four_mid_high
Model: baseline.pt | Temp: 0.5 | Max tokens: 300
Characters generated: 300
Total Emissions: 0.002618 gCO2eq

------------------------------------------------------------
Sender: LSF System <lsfadmin@hpc.dtu.dk>
Subject: Job 28362190: <prompt4midHigh> in cluster <dcc> Done

Job <prompt4midHigh> was submitted from host <n-62-27-19> by user <s250379> in cluster <dcc> at Tue May  5 19:07:09 2026
Job was executed on host(s) <4*n-62-20-3>, in queue <gpuv100>, as user <s250379> in cluster <dcc> at Tue May  5 19:36:17 2026
</zhome/fd/2/219569> was used as the home directory.
</zhome/fd/2/219569/slms> was used as the working directory.
Started at Tue May  5 19:36:17 2026
Terminated at Tue May  5 19:36:25 2026
Results reported at Tue May  5 19:36:25 2026

Your job looked like:

------------------------------------------------------------
# LSBATCH: User input
#!/bin/bash
#BSUB -R "rusage[mem=3GB] span[hosts=1]"
#BSUB -gpu "num=1:mode=exclusive_process"
#BSUB -q gpuv100
#BSUB -W 1:00
#BSUB -J prompt4midHigh
#BSUB -n 4
#BSUB -o hpcoutput/prompt4midHigh_%J.out
#BSUB -e hpcoutput/prompt4midHigh_%J.err



source /dtu/projects/02613_2025/conda/conda_init.sh
conda deactivate

conda activate ~/my_env

python src/prompt.py --exp four_mid_high


------------------------------------------------------------

Successfully completed.

Resource usage summary:

    CPU time :                                   4.82 sec.
    Max Memory :                                 -
    Average Memory :                             -
    Total Requested Memory :                     12288.00 MB
    Delta Memory :                               -
    Max Swap :                                   -
    Max Processes :                              -
    Max Threads :                                -
    Run time :                                   8 sec.
    Turnaround time :                            1756 sec.

The output (if any) is above this job summary.



PS:

Read file <hpcoutput/prompt4midHigh_28362190.err> for stderr output of this job.

