To be, or not to be but, what it the part
to that would tell patience the some
I'll had to dyet forth thee,--
She is not said, and behold bour's bloods
A father, more man so to be as of my bitty;
And so ask a shall her 

--- Prompting Functional Unit Report ---
Scenario: five_high
Model: baseline.pt | Temp: 1.0 | Max tokens: 200
Characters generated: 200
Total Emissions: 0.001619 gCO2eq

------------------------------------------------------------
Sender: LSF System <lsfadmin@hpc.dtu.dk>
Subject: Job 28362764: <prompt5high> in cluster <dcc> Done

Job <prompt5high> was submitted from host <n-62-30-8> by user <s250379> in cluster <dcc> at Tue May  5 20:42:29 2026
Job was executed on host(s) <4*n-62-11-16>, in queue <gpuv100>, as user <s250379> in cluster <dcc> at Tue May  5 20:47:35 2026
</zhome/fd/2/219569> was used as the home directory.
</zhome/fd/2/219569/slms> was used as the working directory.
Started at Tue May  5 20:47:35 2026
Terminated at Tue May  5 20:47:42 2026
Results reported at Tue May  5 20:47:42 2026

Your job looked like:

------------------------------------------------------------
# LSBATCH: User input
#!/bin/bash
#BSUB -R "rusage[mem=3GB] span[hosts=1]"
#BSUB -gpu "num=1:mode=exclusive_process"
#BSUB -q gpuv100
#BSUB -W 1:00
#BSUB -J prompt5high
#BSUB -n 4
#BSUB -o hpcoutput/prompt5high_%J.out
#BSUB -e hpcoutput/prompt5high_%J.err



source /dtu/projects/02613_2025/conda/conda_init.sh
conda deactivate

conda activate ~/my_env

python src/prompt.py --exp five_high

------------------------------------------------------------

Successfully completed.

Resource usage summary:

    CPU time :                                   4.07 sec.
    Max Memory :                                 -
    Average Memory :                             -
    Total Requested Memory :                     12288.00 MB
    Delta Memory :                               -
    Max Swap :                                   -
    Max Processes :                              -
    Max Threads :                                -
    Run time :                                   7 sec.
    Turnaround time :                            313 sec.

The output (if any) is above this job summary.



PS:

Read file <hpcoutput/prompt5high_28362764.err> for stderr output of this job.

