To be, or not to be the should to my brother.

RICHARD:
That thy life the dead me of the work,
And that the so the father the have prince
The posence to the for thou leave to man.

First Servingman:
I have the prover th

--- Prompting Functional Unit Report ---
Scenario: five_mid
Model: baseline.pt | Temp: 0.5 | Max tokens: 200
Characters generated: 200
Total Emissions: 0.002267 gCO2eq

------------------------------------------------------------
Sender: LSF System <lsfadmin@hpc.dtu.dk>
Subject: Job 28384741: <prompt5mid> in cluster <dcc> Done

Job <prompt5mid> was submitted from host <n-62-27-19> by user <s250379> in cluster <dcc> at Thu May  7 12:08:56 2026
Job was executed on host(s) <4*n-62-20-11>, in queue <gpuv100>, as user <s250379> in cluster <dcc> at Thu May  7 15:09:45 2026
</zhome/fd/2/219569> was used as the home directory.
</zhome/fd/2/219569/slms> was used as the working directory.
Started at Thu May  7 15:09:45 2026
Terminated at Thu May  7 15:09:53 2026
Results reported at Thu May  7 15:09:53 2026

Your job looked like:

------------------------------------------------------------
# LSBATCH: User input
#!/bin/bash
#BSUB -R "rusage[mem=1GB] span[hosts=1]"
#BSUB -gpu "num=1:mode=exclusive_process"
#BSUB -q gpuv100
#BSUB -W 00:05
#BSUB -J prompt5mid
#BSUB -n 4
#BSUB -o hpcoutput/prompt5mid_%J.out
#BSUB -e hpcoutput/prompt5mid_%J.err


source /dtu/projects/02613_2025/conda/conda_init.sh
conda deactivate

conda activate ~/my_env

python src/prompt.py --exp five_mid

------------------------------------------------------------

Successfully completed.

Resource usage summary:

    CPU time :                                   4.65 sec.
    Max Memory :                                 -
    Average Memory :                             -
    Total Requested Memory :                     4096.00 MB
    Delta Memory :                               -
    Max Swap :                                   -
    Max Processes :                              -
    Max Threads :                                -
    Run time :                                   8 sec.
    Turnaround time :                            10857 sec.

The output (if any) is above this job summary.



PS:

Read file <hpcoutput/prompt5mid_28384741.err> for stderr output of this job.

