cofg is TrainingConfig(OUT_DIR='out', DATA_DIR='data', EVAL_INTERVAL=200, EVAL_ITERS=50, LOG_INTERVAL=50, SAVE_CHECKPOINT=True, SAVE_CHECKPOINT_NAME='s1_l8.pt', N_LAYER=8, N_HEAD=4, N_EMBD=128, DROPOUT=0.1, BIAS=True, SEED=1, DEVICE='cuda', DTYPE='float32', BATCH_SIZE=64, BLOCK_SIZE=256, MAX_ITERS=3000, LEARNING_RATE='3e-4', WEIGHT_DECAY=0.1, GRAD_CLIP=1.0, EMISSIONS_DIR='s1_l8')
Using device: cuda
{'vocab_size': 65, 'itos': {0: '\n', 1: ' ', 2: '!', 3: '$', 4: '&', 5: "'", 6: ',', 7: '-', 8: '.', 9: '3', 10: ':', 11: ';', 12: '?', 13: 'A', 14: 'B', 15: 'C', 16: 'D', 17: 'E', 18: 'F', 19: 'G', 20: 'H', 21: 'I', 22: 'J', 23: 'K', 24: 'L', 25: 'M', 26: 'N', 27: 'O', 28: 'P', 29: 'Q', 30: 'R', 31: 'S', 32: 'T', 33: 'U', 34: 'V', 35: 'W', 36: 'X', 37: 'Y', 38: 'Z', 39: 'a', 40: 'b', 41: 'c', 42: 'd', 43: 'e', 44: 'f', 45: 'g', 46: 'h', 47: 'i', 48: 'j', 49: 'k', 50: 'l', 51: 'm', 52: 'n', 53: 'o', 54: 'p', 55: 'q', 56: 'r', 57: 's', 58: 't', 59: 'u', 60: 'v', 61: 'w', 62: 'x', 63: 'y', 64: 'z'}, 'stoi': {'\n': 0, ' ': 1, '!': 2, '$': 3, '&': 4, "'": 5, ',': 6, '-': 7, '.': 8, '3': 9, ':': 10, ';': 11, '?': 12, 'A': 13, 'B': 14, 'C': 15, 'D': 16, 'E': 17, 'F': 18, 'G': 19, 'H': 20, 'I': 21, 'J': 22, 'K': 23, 'L': 24, 'M': 25, 'N': 26, 'O': 27, 'P': 28, 'Q': 29, 'R': 30, 'S': 31, 'T': 32, 'U': 33, 'V': 34, 'W': 35, 'X': 36, 'Y': 37, 'Z': 38, 'a': 39, 'b': 40, 'c': 41, 'd': 42, 'e': 43, 'f': 44, 'g': 45, 'h': 46, 'i': 47, 'j': 48, 'k': 49, 'l': 50, 'm': 51, 'n': 52, 'o': 53, 'p': 54, 'q': 55, 'r': 56, 's': 57, 't': 58, 'u': 59, 'v': 60, 'w': 61, 'x': 62, 'y': 63, 'z': 64}, 'train_fraction': 0.9, 'dataset': 'tiny_shakespeare_char', 'source_url': 'https://raw.githubusercontent.com/karpathy/char-rnn/master/data/tinyshakespeare/input.txt'}
iter     0 | train loss 4.2091 | val loss 4.2087 | elapsed 2.0s
iter     0 | loss 4.2072
iter    50 | loss 2.8284
iter   100 | loss 2.5823
iter   150 | loss 2.5203
iter   200 | train loss 2.4687 | val loss 2.4635 | elapsed 15.2s
iter   200 | loss 2.4872
iter   250 | loss 2.4776
iter   300 | loss 2.4228
iter   350 | loss 2.4140
iter   400 | train loss 2.3506 | val loss 2.3698 | elapsed 28.4s
iter   400 | loss 2.3830
iter   450 | loss 2.3469
iter   500 | loss 2.3326
iter   550 | loss 2.3038
iter   600 | train loss 2.2053 | val loss 2.2381 | elapsed 41.6s
iter   600 | loss 2.2765
iter   650 | loss 2.2355
iter   700 | loss 2.2037
iter   750 | loss 2.1713
iter   800 | train loss 2.0534 | val loss 2.1119 | elapsed 55.2s
iter   800 | loss 2.0907
iter   850 | loss 2.0943
iter   900 | loss 2.1017
iter   950 | loss 2.0273
iter  1000 | train loss 1.9097 | val loss 2.0006 | elapsed 68.3s
iter  1000 | loss 1.9839
iter  1050 | loss 1.9878
iter  1100 | loss 1.9123
iter  1150 | loss 1.9335
iter  1200 | train loss 1.7906 | val loss 1.9158 | elapsed 81.5s
iter  1200 | loss 1.9290
iter  1250 | loss 1.8371
iter  1300 | loss 1.8419
iter  1350 | loss 1.7930
iter  1400 | train loss 1.7015 | val loss 1.8580 | elapsed 94.6s
iter  1400 | loss 1.7953
iter  1450 | loss 1.8051
iter  1500 | loss 1.7938
iter  1550 | loss 1.7336
iter  1600 | train loss 1.6321 | val loss 1.8038 | elapsed 107.9s
iter  1600 | loss 1.7704
iter  1650 | loss 1.7111
iter  1700 | loss 1.6761
iter  1750 | loss 1.6934
iter  1800 | train loss 1.5810 | val loss 1.7503 | elapsed 121.0s
iter  1800 | loss 1.7200
iter  1850 | loss 1.6683
iter  1900 | loss 1.6456
iter  1950 | loss 1.6057
iter  2000 | train loss 1.5333 | val loss 1.7182 | elapsed 134.2s
iter  2000 | loss 1.6107
iter  2050 | loss 1.6342
iter  2100 | loss 1.6147
iter  2150 | loss 1.6185
iter  2200 | train loss 1.4990 | val loss 1.6886 | elapsed 147.4s
iter  2200 | loss 1.5850
iter  2250 | loss 1.5765
iter  2300 | loss 1.5748
iter  2350 | loss 1.5652
iter  2400 | train loss 1.4703 | val loss 1.6643 | elapsed 160.5s
iter  2400 | loss 1.5659
iter  2450 | loss 1.5497
iter  2500 | loss 1.5357
iter  2550 | loss 1.5405
iter  2600 | train loss 1.4374 | val loss 1.6367 | elapsed 173.7s
iter  2600 | loss 1.4960
iter  2650 | loss 1.4983
iter  2700 | loss 1.5197
iter  2750 | loss 1.5308
iter  2800 | train loss 1.4170 | val loss 1.6237 | elapsed 186.8s
iter  2800 | loss 1.5171
iter  2850 | loss 1.4922
iter  2900 | loss 1.4945
iter  2950 | loss 1.5198
iter  3000 | train loss 1.3989 | val loss 1.6173 | elapsed 199.9s
iter  3000 | loss 1.5014

--- Training Functional Unit Report ---
Scenario: s1_l8
Iterations: 3000 | Batch: 64 | Block: 256
Total Emissions: 1.7471 gCO2eq per training run
Training completed.

------------------------------------------------------------
Sender: LSF System <lsfadmin@hpc.dtu.dk>
Subject: Job 28362778: <s1_l8> in cluster <dcc> Done

Job <s1_l8> was submitted from host <n-62-30-8> by user <s250379> in cluster <dcc> at Tue May  5 20:42:39 2026
Job was executed on host(s) <4*n-62-20-12>, in queue <gpuv100>, as user <s250379> in cluster <dcc> at Tue May  5 20:47:53 2026
</zhome/fd/2/219569> was used as the home directory.
</zhome/fd/2/219569/slms> was used as the working directory.
Started at Tue May  5 20:47:53 2026
Terminated at Tue May  5 20:51:23 2026
Results reported at Tue May  5 20:51:23 2026

Your job looked like:

------------------------------------------------------------
# LSBATCH: User input
#!/bin/bash
#BSUB -R "rusage[mem=3GB] span[hosts=1]"
#BSUB -gpu "num=1:mode=exclusive_process"
#BSUB -q gpuv100
#BSUB -W 00:15
#BSUB -J s1_l8
#BSUB -n 4
#BSUB -o hpcoutput/s1_l8_%J.out
#BSUB -e hpcoutput/s1_l8_%J.err



source /dtu/projects/02613_2025/conda/conda_init.sh
conda deactivate

conda activate ~/my_env


python src/train.py --exp s1_l8

------------------------------------------------------------

Successfully completed.

Resource usage summary:

    CPU time :                                   220.00 sec.
    Max Memory :                                 847 MB
    Average Memory :                             846.75 MB
    Total Requested Memory :                     12288.00 MB
    Delta Memory :                               11441.00 MB
    Max Swap :                                   -
    Max Processes :                              4
    Max Threads :                                13
    Run time :                                   210 sec.
    Turnaround time :                            524 sec.

The output (if any) is above this job summary.



PS:

Read file <hpcoutput/s1_l8_28362778.err> for stderr output of this job.

