cofg is TrainingConfig(OUT_DIR='out', DATA_DIR='data', EVAL_INTERVAL=200, EVAL_ITERS=50, LOG_INTERVAL=50, SAVE_CHECKPOINT=True, SAVE_CHECKPOINT_NAME='s1_l64.pt', N_LAYER=64, N_HEAD=4, N_EMBD=128, DROPOUT=0.1, BIAS=True, SEED=1, DEVICE='cuda', DTYPE='float32', BATCH_SIZE=64, BLOCK_SIZE=256, MAX_ITERS=3000, LEARNING_RATE='3e-4', WEIGHT_DECAY=0.1, GRAD_CLIP=1.0, EMISSIONS_DIR='s1_l64')
Using device: cuda
{'vocab_size': 65, 'itos': {0: '\n', 1: ' ', 2: '!', 3: '$', 4: '&', 5: "'", 6: ',', 7: '-', 8: '.', 9: '3', 10: ':', 11: ';', 12: '?', 13: 'A', 14: 'B', 15: 'C', 16: 'D', 17: 'E', 18: 'F', 19: 'G', 20: 'H', 21: 'I', 22: 'J', 23: 'K', 24: 'L', 25: 'M', 26: 'N', 27: 'O', 28: 'P', 29: 'Q', 30: 'R', 31: 'S', 32: 'T', 33: 'U', 34: 'V', 35: 'W', 36: 'X', 37: 'Y', 38: 'Z', 39: 'a', 40: 'b', 41: 'c', 42: 'd', 43: 'e', 44: 'f', 45: 'g', 46: 'h', 47: 'i', 48: 'j', 49: 'k', 50: 'l', 51: 'm', 52: 'n', 53: 'o', 54: 'p', 55: 'q', 56: 'r', 57: 's', 58: 't', 59: 'u', 60: 'v', 61: 'w', 62: 'x', 63: 'y', 64: 'z'}, 'stoi': {'\n': 0, ' ': 1, '!': 2, '$': 3, '&': 4, "'": 5, ',': 6, '-': 7, '.': 8, '3': 9, ':': 10, ';': 11, '?': 12, 'A': 13, 'B': 14, 'C': 15, 'D': 16, 'E': 17, 'F': 18, 'G': 19, 'H': 20, 'I': 21, 'J': 22, 'K': 23, 'L': 24, 'M': 25, 'N': 26, 'O': 27, 'P': 28, 'Q': 29, 'R': 30, 'S': 31, 'T': 32, 'U': 33, 'V': 34, 'W': 35, 'X': 36, 'Y': 37, 'Z': 38, 'a': 39, 'b': 40, 'c': 41, 'd': 42, 'e': 43, 'f': 44, 'g': 45, 'h': 46, 'i': 47, 'j': 48, 'k': 49, 'l': 50, 'm': 51, 'n': 52, 'o': 53, 'p': 54, 'q': 55, 'r': 56, 's': 57, 't': 58, 'u': 59, 'v': 60, 'w': 61, 'x': 62, 'y': 63, 'z': 64}, 'train_fraction': 0.9, 'dataset': 'tiny_shakespeare_char', 'source_url': 'https://raw.githubusercontent.com/karpathy/char-rnn/master/data/tinyshakespeare/input.txt'}
iter     0 | train loss 4.1782 | val loss 4.1794 | elapsed 14.7s
iter     0 | loss 4.1743
iter    50 | loss 2.8555
iter   100 | loss 2.6407
iter   150 | loss 2.5457
iter   200 | train loss 2.4821 | val loss 2.4869 | elapsed 113.9s
iter   200 | loss 2.4974
iter   250 | loss 2.4634
iter   300 | loss 2.3969
iter   350 | loss 2.3559
iter   400 | train loss 2.3126 | val loss 2.3250 | elapsed 212.5s
iter   400 | loss 2.3351
iter   450 | loss 2.2854
iter   500 | loss 2.2673
iter   550 | loss 2.2510
iter   600 | train loss 2.1728 | val loss 2.2083 | elapsed 311.0s
iter   600 | loss 2.2165
iter   650 | loss 2.1665
iter   700 | loss 2.1247
iter   750 | loss 2.0817
iter   800 | train loss 1.9950 | val loss 2.0628 | elapsed 409.7s
iter   800 | loss 2.0413
iter   850 | loss 2.0066
iter   900 | loss 1.9389
iter   950 | loss 1.9380
iter  1000 | train loss 1.8330 | val loss 1.9512 | elapsed 508.2s
iter  1000 | loss 1.8937
iter  1050 | loss 1.8374
iter  1100 | loss 1.8292
iter  1150 | loss 1.7740
iter  1200 | train loss 1.7004 | val loss 1.8505 | elapsed 607.5s
iter  1200 | loss 1.7837
iter  1250 | loss 1.7457
iter  1300 | loss 1.7157
iter  1350 | loss 1.6649
iter  1400 | train loss 1.5922 | val loss 1.7777 | elapsed 705.9s
iter  1400 | loss 1.6736
iter  1450 | loss 1.6484
iter  1500 | loss 1.6231
iter  1550 | loss 1.5779
iter  1600 | train loss 1.5171 | val loss 1.7049 | elapsed 804.5s
iter  1600 | loss 1.5823
iter  1650 | loss 1.5546
iter  1700 | loss 1.5178
iter  1750 | loss 1.5300
iter  1800 | train loss 1.4629 | val loss 1.6616 | elapsed 903.2s
iter  1800 | loss 1.4991
iter  1850 | loss 1.4774
iter  1900 | loss 1.4967
iter  1950 | loss 1.4627
iter  2000 | train loss 1.4130 | val loss 1.6162 | elapsed 1001.7s
iter  2000 | loss 1.4621
iter  2050 | loss 1.4430
iter  2100 | loss 1.4665
iter  2150 | loss 1.4444
iter  2200 | train loss 1.3777 | val loss 1.5825 | elapsed 1100.3s
iter  2200 | loss 1.3942
iter  2250 | loss 1.4077
iter  2300 | loss 1.4106
iter  2350 | loss 1.3820
iter  2400 | train loss 1.3411 | val loss 1.5591 | elapsed 1198.9s
iter  2400 | loss 1.4245
iter  2450 | loss 1.3541
iter  2500 | loss 1.4077
iter  2550 | loss 1.3666
iter  2600 | train loss 1.3112 | val loss 1.5305 | elapsed 1297.9s
iter  2600 | loss 1.3717
iter  2650 | loss 1.3519
iter  2700 | loss 1.3439
iter  2750 | loss 1.3464
iter  2800 | train loss 1.2884 | val loss 1.5405 | elapsed 1396.8s
iter  2800 | loss 1.3534
iter  2850 | loss 1.3184
iter  2900 | loss 1.3307
iter  2950 | loss 1.3223
iter  3000 | train loss 1.2606 | val loss 1.5152 | elapsed 1495.4s
iter  3000 | loss 1.3054

--- Training Functional Unit Report ---
Scenario: s1_l64
Iterations: 3000 | Batch: 64 | Block: 256
Total Emissions: 13.8382 gCO2eq per training run
Training completed.

------------------------------------------------------------
Sender: LSF System <lsfadmin@hpc.dtu.dk>
Subject: Job 28385878: <s1_l64> in cluster <dcc> Done

Job <s1_l64> was submitted from host <n-62-27-19> by user <s250379> in cluster <dcc> at Thu May  7 13:00:55 2026
Job was executed on host(s) <4*n-62-20-11>, in queue <gpuv100>, as user <s250379> in cluster <dcc> at Thu May  7 15:11:34 2026
</zhome/fd/2/219569> was used as the home directory.
</zhome/fd/2/219569/slms> was used as the working directory.
Started at Thu May  7 15:11:34 2026
Terminated at Thu May  7 15:37:03 2026
Results reported at Thu May  7 15:37:03 2026

Your job looked like:

------------------------------------------------------------
# LSBATCH: User input
#!/bin/bash
#BSUB -R "rusage[mem=3GB] span[hosts=1]"
#BSUB -gpu "num=1:mode=exclusive_process"
#BSUB -q gpuv100
#BSUB -W 00:35
#BSUB -J s1_l64
#BSUB -n 4
#BSUB -o hpcoutput/s1_l64_%J.out
#BSUB -e hpcoutput/s1_l64_%J.err



source /dtu/projects/02613_2025/conda/conda_init.sh
conda deactivate

conda activate ~/my_env


python src/train.py --exp s1_l64

------------------------------------------------------------

Successfully completed.

Resource usage summary:

    CPU time :                                   1913.00 sec.
    Max Memory :                                 890 MB
    Average Memory :                             846.00 MB
    Total Requested Memory :                     12288.00 MB
    Delta Memory :                               11398.00 MB
    Max Swap :                                   -
    Max Processes :                              4
    Max Threads :                                15
    Run time :                                   1529 sec.
    Turnaround time :                            9368 sec.

The output (if any) is above this job summary.



PS:

Read file <hpcoutput/s1_l64_28385878.err> for stderr output of this job.

