cofg is TrainingConfig(OUT_DIR='out', DATA_DIR='data', EVAL_INTERVAL=200, EVAL_ITERS=50, LOG_INTERVAL=50, SAVE_CHECKPOINT=True, SAVE_CHECKPOINT_NAME='s1_l2.pt', N_LAYER=2, N_HEAD=4, N_EMBD=128, DROPOUT=0.1, BIAS=True, SEED=1, DEVICE='cuda', DTYPE='float32', BATCH_SIZE=64, BLOCK_SIZE=256, MAX_ITERS=3000, LEARNING_RATE='3e-4', WEIGHT_DECAY=0.1, GRAD_CLIP=1.0, EMISSIONS_DIR='s1_l2')
Using device: cuda
{'vocab_size': 65, 'itos': {0: '\n', 1: ' ', 2: '!', 3: '$', 4: '&', 5: "'", 6: ',', 7: '-', 8: '.', 9: '3', 10: ':', 11: ';', 12: '?', 13: 'A', 14: 'B', 15: 'C', 16: 'D', 17: 'E', 18: 'F', 19: 'G', 20: 'H', 21: 'I', 22: 'J', 23: 'K', 24: 'L', 25: 'M', 26: 'N', 27: 'O', 28: 'P', 29: 'Q', 30: 'R', 31: 'S', 32: 'T', 33: 'U', 34: 'V', 35: 'W', 36: 'X', 37: 'Y', 38: 'Z', 39: 'a', 40: 'b', 41: 'c', 42: 'd', 43: 'e', 44: 'f', 45: 'g', 46: 'h', 47: 'i', 48: 'j', 49: 'k', 50: 'l', 51: 'm', 52: 'n', 53: 'o', 54: 'p', 55: 'q', 56: 'r', 57: 's', 58: 't', 59: 'u', 60: 'v', 61: 'w', 62: 'x', 63: 'y', 64: 'z'}, 'stoi': {'\n': 0, ' ': 1, '!': 2, '$': 3, '&': 4, "'": 5, ',': 6, '-': 7, '.': 8, '3': 9, ':': 10, ';': 11, '?': 12, 'A': 13, 'B': 14, 'C': 15, 'D': 16, 'E': 17, 'F': 18, 'G': 19, 'H': 20, 'I': 21, 'J': 22, 'K': 23, 'L': 24, 'M': 25, 'N': 26, 'O': 27, 'P': 28, 'Q': 29, 'R': 30, 'S': 31, 'T': 32, 'U': 33, 'V': 34, 'W': 35, 'X': 36, 'Y': 37, 'Z': 38, 'a': 39, 'b': 40, 'c': 41, 'd': 42, 'e': 43, 'f': 44, 'g': 45, 'h': 46, 'i': 47, 'j': 48, 'k': 49, 'l': 50, 'm': 51, 'n': 52, 'o': 53, 'p': 54, 'q': 55, 'r': 56, 's': 57, 't': 58, 'u': 59, 'v': 60, 'w': 61, 'x': 62, 'y': 63, 'z': 64}, 'train_fraction': 0.9, 'dataset': 'tiny_shakespeare_char', 'source_url': 'https://raw.githubusercontent.com/karpathy/char-rnn/master/data/tinyshakespeare/input.txt'}
iter     0 | train loss 4.2060 | val loss 4.2041 | elapsed 0.7s
iter     0 | loss 4.1990
iter    50 | loss 2.8307
iter   100 | loss 2.6243
iter   150 | loss 2.5426
iter   200 | train loss 2.4766 | val loss 2.4851 | elapsed 4.8s
iter   200 | loss 2.4993
iter   250 | loss 2.4904
iter   300 | loss 2.4832
iter   350 | loss 2.4339
iter   400 | train loss 2.4137 | val loss 2.4357 | elapsed 9.1s
iter   400 | loss 2.4344
iter   450 | loss 2.4354
iter   500 | loss 2.4438
iter   550 | loss 2.4018
iter   600 | train loss 2.3718 | val loss 2.3975 | elapsed 13.2s
iter   600 | loss 2.3962
iter   650 | loss 2.3856
iter   700 | loss 2.3834
iter   750 | loss 2.3516
iter   800 | train loss 2.3002 | val loss 2.3414 | elapsed 17.2s
iter   800 | loss 2.3222
iter   850 | loss 2.3467
iter   900 | loss 2.3277
iter   950 | loss 2.3121
iter  1000 | train loss 2.2322 | val loss 2.2826 | elapsed 21.2s
iter  1000 | loss 2.3155
iter  1050 | loss 2.2808
iter  1100 | loss 2.2571
iter  1150 | loss 2.2705
iter  1200 | train loss 2.1551 | val loss 2.2194 | elapsed 25.3s
iter  1200 | loss 2.2435
iter  1250 | loss 2.2109
iter  1300 | loss 2.2119
iter  1350 | loss 2.1926
iter  1400 | train loss 2.0596 | val loss 2.1416 | elapsed 29.3s
iter  1400 | loss 2.1807
iter  1450 | loss 2.1787
iter  1500 | loss 2.1501
iter  1550 | loss 2.1400
iter  1600 | train loss 1.9787 | val loss 2.0787 | elapsed 33.4s
iter  1600 | loss 2.1213
iter  1650 | loss 2.1086
iter  1700 | loss 2.0951
iter  1750 | loss 2.0720
iter  1800 | train loss 1.9086 | val loss 2.0226 | elapsed 37.5s
iter  1800 | loss 2.0659
iter  1850 | loss 2.0328
iter  1900 | loss 2.0638
iter  1950 | loss 2.0241
iter  2000 | train loss 1.8553 | val loss 1.9839 | elapsed 41.5s
iter  2000 | loss 1.9959
iter  2050 | loss 1.9918
iter  2100 | loss 2.0002
iter  2150 | loss 1.9546
iter  2200 | train loss 1.8155 | val loss 1.9494 | elapsed 45.6s
iter  2200 | loss 1.9520
iter  2250 | loss 1.9451
iter  2300 | loss 1.9186
iter  2350 | loss 1.9345
iter  2400 | train loss 1.7734 | val loss 1.9232 | elapsed 49.7s
iter  2400 | loss 1.9092
iter  2450 | loss 1.9327
iter  2500 | loss 1.8927
iter  2550 | loss 1.8909
iter  2600 | train loss 1.7390 | val loss 1.8915 | elapsed 53.7s
iter  2600 | loss 1.9111
iter  2650 | loss 1.9150
iter  2700 | loss 1.8518
iter  2750 | loss 1.8797
iter  2800 | train loss 1.7129 | val loss 1.8682 | elapsed 57.8s
iter  2800 | loss 1.8861
iter  2850 | loss 1.8969
iter  2900 | loss 1.8390
iter  2950 | loss 1.8445
iter  3000 | train loss 1.6892 | val loss 1.8495 | elapsed 61.8s
iter  3000 | loss 1.8583

--- Training Functional Unit Report ---
Scenario: s1_l2
Iterations: 3000 | Batch: 64 | Block: 256
Total Emissions: 0.4587 gCO2eq per training run
Training completed.

------------------------------------------------------------
Sender: LSF System <lsfadmin@hpc.dtu.dk>
Subject: Job 28362777: <s1_l2> in cluster <dcc> Done

Job <s1_l2> was submitted from host <n-62-30-8> by user <s250379> in cluster <dcc> at Tue May  5 20:42:39 2026
Job was executed on host(s) <4*n-62-20-11>, in queue <gpuv100>, as user <s250379> in cluster <dcc> at Tue May  5 20:47:53 2026
</zhome/fd/2/219569> was used as the home directory.
</zhome/fd/2/219569/slms> was used as the working directory.
Started at Tue May  5 20:47:53 2026
Terminated at Tue May  5 20:49:04 2026
Results reported at Tue May  5 20:49:04 2026

Your job looked like:

------------------------------------------------------------
# LSBATCH: User input
#!/bin/bash
#BSUB -R "rusage[mem=3GB] span[hosts=1]"
#BSUB -gpu "num=1:mode=exclusive_process"
#BSUB -q gpuv100
#BSUB -W 00:15
#BSUB -J s1_l2
#BSUB -n 4
#BSUB -o hpcoutput/s1_l2_%J.out
#BSUB -e hpcoutput/s1_l2_%J.err



source /dtu/projects/02613_2025/conda/conda_init.sh
conda deactivate

conda activate ~/my_env


python src/train.py --exp s1_l2

------------------------------------------------------------

Successfully completed.

Resource usage summary:

    CPU time :                                   72.00 sec.
    Max Memory :                                 843 MB
    Average Memory :                             843.00 MB
    Total Requested Memory :                     12288.00 MB
    Delta Memory :                               11445.00 MB
    Max Swap :                                   -
    Max Processes :                              4
    Max Threads :                                13
    Run time :                                   71 sec.
    Turnaround time :                            385 sec.

The output (if any) is above this job summary.



PS:

Read file <hpcoutput/s1_l2_28362777.err> for stderr output of this job.

