cofg is TrainingConfig(OUT_DIR='out', DATA_DIR='data', EVAL_INTERVAL=200, EVAL_ITERS=50, LOG_INTERVAL=50, SAVE_CHECKPOINT=True, SAVE_CHECKPOINT_NAME='s2_h16.pt', N_LAYER=4, N_HEAD=16, N_EMBD=128, DROPOUT=0.1, BIAS=True, SEED=1, DEVICE='cuda', DTYPE='float32', BATCH_SIZE=64, BLOCK_SIZE=256, MAX_ITERS=3000, LEARNING_RATE='3e-4', WEIGHT_DECAY=0.1, GRAD_CLIP=1.0, EMISSIONS_DIR='s2_h16')
Using device: cuda
{'vocab_size': 65, 'itos': {0: '\n', 1: ' ', 2: '!', 3: '$', 4: '&', 5: "'", 6: ',', 7: '-', 8: '.', 9: '3', 10: ':', 11: ';', 12: '?', 13: 'A', 14: 'B', 15: 'C', 16: 'D', 17: 'E', 18: 'F', 19: 'G', 20: 'H', 21: 'I', 22: 'J', 23: 'K', 24: 'L', 25: 'M', 26: 'N', 27: 'O', 28: 'P', 29: 'Q', 30: 'R', 31: 'S', 32: 'T', 33: 'U', 34: 'V', 35: 'W', 36: 'X', 37: 'Y', 38: 'Z', 39: 'a', 40: 'b', 41: 'c', 42: 'd', 43: 'e', 44: 'f', 45: 'g', 46: 'h', 47: 'i', 48: 'j', 49: 'k', 50: 'l', 51: 'm', 52: 'n', 53: 'o', 54: 'p', 55: 'q', 56: 'r', 57: 's', 58: 't', 59: 'u', 60: 'v', 61: 'w', 62: 'x', 63: 'y', 64: 'z'}, 'stoi': {'\n': 0, ' ': 1, '!': 2, '$': 3, '&': 4, "'": 5, ',': 6, '-': 7, '.': 8, '3': 9, ':': 10, ';': 11, '?': 12, 'A': 13, 'B': 14, 'C': 15, 'D': 16, 'E': 17, 'F': 18, 'G': 19, 'H': 20, 'I': 21, 'J': 22, 'K': 23, 'L': 24, 'M': 25, 'N': 26, 'O': 27, 'P': 28, 'Q': 29, 'R': 30, 'S': 31, 'T': 32, 'U': 33, 'V': 34, 'W': 35, 'X': 36, 'Y': 37, 'Z': 38, 'a': 39, 'b': 40, 'c': 41, 'd': 42, 'e': 43, 'f': 44, 'g': 45, 'h': 46, 'i': 47, 'j': 48, 'k': 49, 'l': 50, 'm': 51, 'n': 52, 'o': 53, 'p': 54, 'q': 55, 'r': 56, 's': 57, 't': 58, 'u': 59, 'v': 60, 'w': 61, 'x': 62, 'y': 63, 'z': 64}, 'train_fraction': 0.9, 'dataset': 'tiny_shakespeare_char', 'source_url': 'https://raw.githubusercontent.com/karpathy/char-rnn/master/data/tinyshakespeare/input.txt'}
iter     0 | train loss 4.1787 | val loss 4.1781 | elapsed 2.2s
iter     0 | loss 4.1807
iter    50 | loss 2.8344
iter   100 | loss 2.6223
iter   150 | loss 2.5308
iter   200 | train loss 2.4717 | val loss 2.4778 | elapsed 17.6s
iter   200 | loss 2.5001
iter   250 | loss 2.4604
iter   300 | loss 2.4363
iter   350 | loss 2.4223
iter   400 | train loss 2.3769 | val loss 2.3902 | elapsed 32.7s
iter   400 | loss 2.4112
iter   450 | loss 2.3828
iter   500 | loss 2.3657
iter   550 | loss 2.3346
iter   600 | train loss 2.2649 | val loss 2.2894 | elapsed 48.0s
iter   600 | loss 2.3112
iter   650 | loss 2.3077
iter   700 | loss 2.2673
iter   750 | loss 2.2488
iter   800 | train loss 2.1501 | val loss 2.1937 | elapsed 63.1s
iter   800 | loss 2.2281
iter   850 | loss 2.2071
iter   900 | loss 2.1785
iter   950 | loss 2.1540
iter  1000 | train loss 2.0463 | val loss 2.1171 | elapsed 78.1s
iter  1000 | loss 2.1352
iter  1050 | loss 2.1335
iter  1100 | loss 2.0998
iter  1150 | loss 2.0721
iter  1200 | train loss 1.9607 | val loss 2.0437 | elapsed 93.2s
iter  1200 | loss 2.0633
iter  1250 | loss 2.0525
iter  1300 | loss 2.0042
iter  1350 | loss 1.9729
iter  1400 | train loss 1.8760 | val loss 1.9893 | elapsed 108.2s
iter  1400 | loss 1.9580
iter  1450 | loss 1.9531
iter  1500 | loss 1.9348
iter  1550 | loss 1.9059
iter  1600 | train loss 1.8093 | val loss 1.9434 | elapsed 123.3s
iter  1600 | loss 1.9057
iter  1650 | loss 1.9048
iter  1700 | loss 1.9064
iter  1750 | loss 1.8799
iter  1800 | train loss 1.7475 | val loss 1.9041 | elapsed 138.9s
iter  1800 | loss 1.8872
iter  1850 | loss 1.8624
iter  1900 | loss 1.8215
iter  1950 | loss 1.8477
iter  2000 | train loss 1.7012 | val loss 1.8660 | elapsed 154.4s
iter  2000 | loss 1.8300
iter  2050 | loss 1.8192
iter  2100 | loss 1.7790
iter  2150 | loss 1.7448
iter  2200 | train loss 1.6715 | val loss 1.8401 | elapsed 170.0s
iter  2200 | loss 1.7626
iter  2250 | loss 1.7544
iter  2300 | loss 1.7990
iter  2350 | loss 1.7510
iter  2400 | train loss 1.6328 | val loss 1.8035 | elapsed 185.8s
iter  2400 | loss 1.7287
iter  2450 | loss 1.7428
iter  2500 | loss 1.7393
iter  2550 | loss 1.7084
iter  2600 | train loss 1.6052 | val loss 1.7721 | elapsed 201.7s
iter  2600 | loss 1.6563
iter  2650 | loss 1.6947
iter  2700 | loss 1.7054
iter  2750 | loss 1.6745
iter  2800 | train loss 1.5699 | val loss 1.7535 | elapsed 217.6s
iter  2800 | loss 1.6876
iter  2850 | loss 1.6736
iter  2900 | loss 1.6862
iter  2950 | loss 1.6286
iter  3000 | train loss 1.5550 | val loss 1.7342 | elapsed 233.4s
iter  3000 | loss 1.6475

--- Training Functional Unit Report ---
Scenario: s2_h16
Iterations: 3000 | Batch: 64 | Block: 256
Total Emissions: 1.4182 gCO2eq per training run
Training completed.

------------------------------------------------------------
Sender: LSF System <lsfadmin@hpc.dtu.dk>
Subject: Job 28384658: <s2_h16> in cluster <dcc> Done

Job <s2_h16> was submitted from host <n-62-27-19> by user <s250379> in cluster <dcc> at Thu May  7 11:52:39 2026
Job was executed on host(s) <4*n-62-11-14>, in queue <gpuv100>, as user <s250379> in cluster <dcc> at Thu May  7 13:52:15 2026
</zhome/fd/2/219569> was used as the home directory.
</zhome/fd/2/219569/slms> was used as the working directory.
Started at Thu May  7 13:52:15 2026
Terminated at Thu May  7 13:56:24 2026
Results reported at Thu May  7 13:56:24 2026

Your job looked like:

------------------------------------------------------------
# LSBATCH: User input
#!/bin/bash
#BSUB -R "rusage[mem=3GB] span[hosts=1]"
#BSUB -gpu "num=1:mode=exclusive_process"
#BSUB -q gpuv100
#BSUB -W 00:15
#BSUB -J s2_h16
#BSUB -n 4
#BSUB -o hpcoutput/s2_h16_%J.out
#BSUB -e hpcoutput/s2_h16_%J.err



source /dtu/projects/02613_2025/conda/conda_init.sh
conda deactivate

conda activate ~/my_env


python src/train.py --exp s2_h16

------------------------------------------------------------

Successfully completed.

Resource usage summary:

    CPU time :                                   263.00 sec.
    Max Memory :                                 851 MB
    Average Memory :                             741.50 MB
    Total Requested Memory :                     12288.00 MB
    Delta Memory :                               11437.00 MB
    Max Swap :                                   -
    Max Processes :                              4
    Max Threads :                                13
    Run time :                                   249 sec.
    Turnaround time :                            7425 sec.

The output (if any) is above this job summary.



PS:

Read file <hpcoutput/s2_h16_28384658.err> for stderr output of this job.

