
------------------------------------------------------------
Sender: LSF System <lsfadmin@hpc.dtu.dk>
Subject: Job 28362786: <s2_h32> in cluster <dcc> Exited

Job <s2_h32> was submitted from host <n-62-30-8> by user <s250379> in cluster <dcc> at Tue May  5 20:42:41 2026
Job was executed on host(s) <4*n-62-11-16>, in queue <gpuv100>, as user <s250379> in cluster <dcc> at Tue May  5 21:01:12 2026
</zhome/fd/2/219569> was used as the home directory.
</zhome/fd/2/219569/slms> was used as the working directory.
Started at Tue May  5 21:01:12 2026
Terminated at Tue May  5 21:01:18 2026
Results reported at Tue May  5 21:01:18 2026

Your job looked like:

------------------------------------------------------------
# LSBATCH: User input
#!/bin/bash
#BSUB -R "rusage[mem=3GB] span[hosts=1]"
#BSUB -gpu "num=1:mode=exclusive_process"
#BSUB -q gpuv100
#BSUB -W 00:15
#BSUB -J s2_h32
#BSUB -n 4
#BSUB -o hpcoutput/s2_h32_%J.out
#BSUB -e hpcoutput/s2_h32_%J.err



source /dtu/projects/02613_2025/conda/conda_init.sh
conda deactivate

conda activate ~/my_env


python src/train.py --exp s2_h32

------------------------------------------------------------

Exited with exit code 1.

Resource usage summary:

    CPU time :                                   2.77 sec.
    Max Memory :                                 -
    Average Memory :                             -
    Total Requested Memory :                     12288.00 MB
    Delta Memory :                               -
    Max Swap :                                   -
    Max Processes :                              -
    Max Threads :                                -
    Run time :                                   6 sec.
    Turnaround time :                            1117 sec.

The output (if any) is above this job summary.



PS:

Read file <hpcoutput/s2_h32_28362786.err> for stderr output of this job.

