cofg is TrainingConfig(OUT_DIR='out', DATA_DIR='data', EVAL_INTERVAL=200, EVAL_ITERS=50, LOG_INTERVAL=50, SAVE_CHECKPOINT=True, SAVE_CHECKPOINT_NAME='s3_e1024.pt', N_LAYER=4, N_HEAD=4, N_EMBD=1024, DROPOUT=0.1, BIAS=True, SEED=1, DEVICE='cuda', DTYPE='float32', BATCH_SIZE=64, BLOCK_SIZE=256, MAX_ITERS=3000, LEARNING_RATE='3e-4', WEIGHT_DECAY=0.1, GRAD_CLIP=1.0, EMISSIONS_DIR='s3_e1024')
Using device: cuda
{'vocab_size': 65, 'itos': {0: '\n', 1: ' ', 2: '!', 3: '$', 4: '&', 5: "'", 6: ',', 7: '-', 8: '.', 9: '3', 10: ':', 11: ';', 12: '?', 13: 'A', 14: 'B', 15: 'C', 16: 'D', 17: 'E', 18: 'F', 19: 'G', 20: 'H', 21: 'I', 22: 'J', 23: 'K', 24: 'L', 25: 'M', 26: 'N', 27: 'O', 28: 'P', 29: 'Q', 30: 'R', 31: 'S', 32: 'T', 33: 'U', 34: 'V', 35: 'W', 36: 'X', 37: 'Y', 38: 'Z', 39: 'a', 40: 'b', 41: 'c', 42: 'd', 43: 'e', 44: 'f', 45: 'g', 46: 'h', 47: 'i', 48: 'j', 49: 'k', 50: 'l', 51: 'm', 52: 'n', 53: 'o', 54: 'p', 55: 'q', 56: 'r', 57: 's', 58: 't', 59: 'u', 60: 'v', 61: 'w', 62: 'x', 63: 'y', 64: 'z'}, 'stoi': {'\n': 0, ' ': 1, '!': 2, '$': 3, '&': 4, "'": 5, ',': 6, '-': 7, '.': 8, '3': 9, ':': 10, ';': 11, '?': 12, 'A': 13, 'B': 14, 'C': 15, 'D': 16, 'E': 17, 'F': 18, 'G': 19, 'H': 20, 'I': 21, 'J': 22, 'K': 23, 'L': 24, 'M': 25, 'N': 26, 'O': 27, 'P': 28, 'Q': 29, 'R': 30, 'S': 31, 'T': 32, 'U': 33, 'V': 34, 'W': 35, 'X': 36, 'Y': 37, 'Z': 38, 'a': 39, 'b': 40, 'c': 41, 'd': 42, 'e': 43, 'f': 44, 'g': 45, 'h': 46, 'i': 47, 'j': 48, 'k': 49, 'l': 50, 'm': 51, 'n': 52, 'o': 53, 'p': 54, 'q': 55, 'r': 56, 's': 57, 't': 58, 'u': 59, 'v': 60, 'w': 61, 'x': 62, 'y': 63, 'z': 64}, 'train_fraction': 0.9, 'dataset': 'tiny_shakespeare_char', 'source_url': 'https://raw.githubusercontent.com/karpathy/char-rnn/master/data/tinyshakespeare/input.txt'}
iter     0 | train loss 4.3915 | val loss 4.4023 | elapsed 15.2s
iter     0 | loss 4.4040
iter    50 | loss 2.6025
iter   100 | loss 2.4963
iter   150 | loss 2.4847
iter   200 | train loss 2.4044 | val loss 2.4410 | elapsed 125.6s
iter   200 | loss 2.4205
iter   250 | loss 2.3462
iter   300 | loss 2.2377
iter   350 | loss 2.1000
iter   400 | train loss 1.8703 | val loss 1.9983 | elapsed 242.6s
iter   400 | loss 1.9272
iter   450 | loss 1.7949
iter   500 | loss 1.7568
iter   550 | loss 1.6635
iter   600 | train loss 1.5321 | val loss 1.7183 | elapsed 359.9s
iter   600 | loss 1.5906
iter   650 | loss 1.5340
iter   700 | loss 1.5426
iter   750 | loss 1.4784
iter   800 | train loss 1.3862 | val loss 1.6273 | elapsed 477.1s
iter   800 | loss 1.4600
iter   850 | loss 1.4246
iter   900 | loss 1.4001
iter   950 | loss 1.3699
iter  1000 | train loss 1.2994 | val loss 1.5480 | elapsed 594.0s
iter  1000 | loss 1.3401
iter  1050 | loss 1.3695
iter  1100 | loss 1.3564
iter  1150 | loss 1.3535
iter  1200 | train loss 1.2359 | val loss 1.5339 | elapsed 711.5s
iter  1200 | loss 1.3079
iter  1250 | loss 1.2525
iter  1300 | loss 1.2385
iter  1350 | loss 1.2412
iter  1400 | train loss 1.1807 | val loss 1.5142 | elapsed 828.5s
iter  1400 | loss 1.2774
iter  1450 | loss 1.2405
iter  1500 | loss 1.2248
iter  1550 | loss 1.2026
iter  1600 | train loss 1.1247 | val loss 1.5090 | elapsed 945.5s
iter  1600 | loss 1.1891
iter  1650 | loss 1.1966
iter  1700 | loss 1.1677
iter  1750 | loss 1.1641
iter  1800 | train loss 1.0576 | val loss 1.5333 | elapsed 1070.6s
iter  1800 | loss 1.1020
iter  1850 | loss 1.1372
iter  1900 | loss 1.1155
iter  1950 | loss 1.1180
iter  2000 | train loss 0.9999 | val loss 1.5417 | elapsed 1187.9s
iter  2000 | loss 1.0959
iter  2050 | loss 1.0514
iter  2100 | loss 1.0735
iter  2150 | loss 1.0396
iter  2200 | train loss 0.9244 | val loss 1.5940 | elapsed 1305.2s
iter  2200 | loss 1.0355
iter  2250 | loss 1.0151
iter  2300 | loss 0.9771
iter  2350 | loss 0.9672
iter  2400 | train loss 0.8483 | val loss 1.6455 | elapsed 1424.4s
iter  2400 | loss 0.9268
iter  2450 | loss 0.9238
iter  2500 | loss 0.9231
iter  2550 | loss 0.8859
iter  2600 | train loss 0.7554 | val loss 1.6971 | elapsed 1543.3s
iter  2600 | loss 0.8634
iter  2650 | loss 0.8610
iter  2700 | loss 0.8854
iter  2750 | loss 0.8447
iter  2800 | train loss 0.6684 | val loss 1.8000 | elapsed 1662.5s
iter  2800 | loss 0.8239
iter  2850 | loss 0.8125
iter  2900 | loss 0.7992
iter  2950 | loss 0.7440
iter  3000 | train loss 0.5915 | val loss 1.8556 | elapsed 1779.6s
iter  3000 | loss 0.7415

--- Training Functional Unit Report ---
Scenario: s3_e1024
Iterations: 3000 | Batch: 64 | Block: 256
Total Emissions: 14.9561 gCO2eq per training run
Training completed.

------------------------------------------------------------
Sender: LSF System <lsfadmin@hpc.dtu.dk>
Subject: Job 28362794: <s3_e1024> in cluster <dcc> Done

Job <s3_e1024> was submitted from host <n-62-30-8> by user <s250379> in cluster <dcc> at Tue May  5 20:42:42 2026
Job was executed on host(s) <4*n-62-20-6>, in queue <gpuv100>, as user <s250379> in cluster <dcc> at Tue May  5 21:03:46 2026
</zhome/fd/2/219569> was used as the home directory.
</zhome/fd/2/219569/slms> was used as the working directory.
Started at Tue May  5 21:03:46 2026
Terminated at Tue May  5 21:33:53 2026
Results reported at Tue May  5 21:33:53 2026

Your job looked like:

------------------------------------------------------------
# LSBATCH: User input
#!/bin/bash
#BSUB -R "rusage[mem=3GB] span[hosts=1]"
#BSUB -gpu "num=1:mode=exclusive_process"
#BSUB -q gpuv100
#BSUB -W 00:30
#BSUB -J s3_e1024
#BSUB -n 4
#BSUB -o hpcoutput/s3_e1024_%J.out
#BSUB -e hpcoutput/s3_e1024_%J.err



source /dtu/projects/02613_2025/conda/conda_init.sh
conda deactivate

conda activate ~/my_env


python src/train.py --exp s3_e1024

------------------------------------------------------------

Successfully completed.

Resource usage summary:

    CPU time :                                   1772.38 sec.
    Max Memory :                                 1072 MB
    Average Memory :                             950.79 MB
    Total Requested Memory :                     12288.00 MB
    Delta Memory :                               11216.00 MB
    Max Swap :                                   -
    Max Processes :                              4
    Max Threads :                                13
    Run time :                                   1807 sec.
    Turnaround time :                            3071 sec.

The output (if any) is above this job summary.



PS:

Read file <hpcoutput/s3_e1024_28362794.err> for stderr output of this job.

