cofg is TrainingConfig(OUT_DIR='out', DATA_DIR='data', EVAL_INTERVAL=200, EVAL_ITERS=50, LOG_INTERVAL=50, SAVE_CHECKPOINT=True, SAVE_CHECKPOINT_NAME='s3_e64.pt', N_LAYER=4, N_HEAD=4, N_EMBD=64, DROPOUT=0.1, BIAS=True, SEED=1, DEVICE='cuda', DTYPE='float32', BATCH_SIZE=64, BLOCK_SIZE=256, MAX_ITERS=3000, LEARNING_RATE='3e-4', WEIGHT_DECAY=0.1, GRAD_CLIP=1.0, EMISSIONS_DIR='s3_e64')
Using device: cuda
{'vocab_size': 65, 'itos': {0: '\n', 1: ' ', 2: '!', 3: '$', 4: '&', 5: "'", 6: ',', 7: '-', 8: '.', 9: '3', 10: ':', 11: ';', 12: '?', 13: 'A', 14: 'B', 15: 'C', 16: 'D', 17: 'E', 18: 'F', 19: 'G', 20: 'H', 21: 'I', 22: 'J', 23: 'K', 24: 'L', 25: 'M', 26: 'N', 27: 'O', 28: 'P', 29: 'Q', 30: 'R', 31: 'S', 32: 'T', 33: 'U', 34: 'V', 35: 'W', 36: 'X', 37: 'Y', 38: 'Z', 39: 'a', 40: 'b', 41: 'c', 42: 'd', 43: 'e', 44: 'f', 45: 'g', 46: 'h', 47: 'i', 48: 'j', 49: 'k', 50: 'l', 51: 'm', 52: 'n', 53: 'o', 54: 'p', 55: 'q', 56: 'r', 57: 's', 58: 't', 59: 'u', 60: 'v', 61: 'w', 62: 'x', 63: 'y', 64: 'z'}, 'stoi': {'\n': 0, ' ': 1, '!': 2, '$': 3, '&': 4, "'": 5, ',': 6, '-': 7, '.': 8, '3': 9, ':': 10, ';': 11, '?': 12, 'A': 13, 'B': 14, 'C': 15, 'D': 16, 'E': 17, 'F': 18, 'G': 19, 'H': 20, 'I': 21, 'J': 22, 'K': 23, 'L': 24, 'M': 25, 'N': 26, 'O': 27, 'P': 28, 'Q': 29, 'R': 30, 'S': 31, 'T': 32, 'U': 33, 'V': 34, 'W': 35, 'X': 36, 'Y': 37, 'Z': 38, 'a': 39, 'b': 40, 'c': 41, 'd': 42, 'e': 43, 'f': 44, 'g': 45, 'h': 46, 'i': 47, 'j': 48, 'k': 49, 'l': 50, 'm': 51, 'n': 52, 'o': 53, 'p': 54, 'q': 55, 'r': 56, 's': 57, 't': 58, 'u': 59, 'v': 60, 'w': 61, 'x': 62, 'y': 63, 'z': 64}, 'train_fraction': 0.9, 'dataset': 'tiny_shakespeare_char', 'source_url': 'https://raw.githubusercontent.com/karpathy/char-rnn/master/data/tinyshakespeare/input.txt'}
iter     0 | train loss 4.1898 | val loss 4.1866 | elapsed 0.9s
iter     0 | loss 4.1889
iter    50 | loss 3.3158
iter   100 | loss 2.9692
iter   150 | loss 2.7701
iter   200 | train loss 2.6389 | val loss 2.6431 | elapsed 7.1s
iter   200 | loss 2.6546
iter   250 | loss 2.6007
iter   300 | loss 2.5648
iter   350 | loss 2.5442
iter   400 | train loss 2.4833 | val loss 2.4841 | elapsed 12.7s
iter   400 | loss 2.4967
iter   450 | loss 2.4830
iter   500 | loss 2.4786
iter   550 | loss 2.4622
iter   600 | train loss 2.4284 | val loss 2.4323 | elapsed 18.1s
iter   600 | loss 2.4612
iter   650 | loss 2.4598
iter   700 | loss 2.4420
iter   750 | loss 2.4373
iter   800 | train loss 2.3923 | val loss 2.3991 | elapsed 24.4s
iter   800 | loss 2.4145
iter   850 | loss 2.4303
iter   900 | loss 2.4078
iter   950 | loss 2.4090
iter  1000 | train loss 2.3657 | val loss 2.3755 | elapsed 30.1s
iter  1000 | loss 2.3930
iter  1050 | loss 2.4076
iter  1100 | loss 2.3831
iter  1150 | loss 2.3791
iter  1200 | train loss 2.3187 | val loss 2.3420 | elapsed 35.5s
iter  1200 | loss 2.3709
iter  1250 | loss 2.3760
iter  1300 | loss 2.3656
iter  1350 | loss 2.3491
iter  1400 | train loss 2.2639 | val loss 2.2889 | elapsed 40.9s
iter  1400 | loss 2.3187
iter  1450 | loss 2.2994
iter  1500 | loss 2.3082
iter  1550 | loss 2.2947
iter  1600 | train loss 2.2141 | val loss 2.2472 | elapsed 46.4s
iter  1600 | loss 2.3283
iter  1650 | loss 2.2885
iter  1700 | loss 2.2861
iter  1750 | loss 2.2748
iter  1800 | train loss 2.1661 | val loss 2.2089 | elapsed 51.8s
iter  1800 | loss 2.2513
iter  1850 | loss 2.2417
iter  1900 | loss 2.2233
iter  1950 | loss 2.2191
iter  2000 | train loss 2.1164 | val loss 2.1619 | elapsed 57.3s
iter  2000 | loss 2.2311
iter  2050 | loss 2.2133
iter  2100 | loss 2.1799
iter  2150 | loss 2.1984
iter  2200 | train loss 2.0687 | val loss 2.1285 | elapsed 62.7s
iter  2200 | loss 2.1458
iter  2250 | loss 2.1371
iter  2300 | loss 2.1364
iter  2350 | loss 2.1435
iter  2400 | train loss 2.0169 | val loss 2.0922 | elapsed 68.1s
iter  2400 | loss 2.1399
iter  2450 | loss 2.1322
iter  2500 | loss 2.1287
iter  2550 | loss 2.1143
iter  2600 | train loss 1.9860 | val loss 2.0564 | elapsed 73.5s
iter  2600 | loss 2.0743
iter  2650 | loss 2.1001
iter  2700 | loss 2.0750
iter  2750 | loss 2.0563
iter  2800 | train loss 1.9434 | val loss 2.0295 | elapsed 78.9s
iter  2800 | loss 2.0617
iter  2850 | loss 2.0677
iter  2900 | loss 2.0523
iter  2950 | loss 2.0271
iter  3000 | train loss 1.9039 | val loss 1.9948 | elapsed 84.3s
iter  3000 | loss 2.0172

--- Training Functional Unit Report ---
Scenario: s3_e64
Iterations: 3000 | Batch: 64 | Block: 256
Total Emissions: 0.4780 gCO2eq per training run
Training completed.

------------------------------------------------------------
Sender: LSF System <lsfadmin@hpc.dtu.dk>
Subject: Job 28362790: <s3_e64> in cluster <dcc> Done

Job <s3_e64> was submitted from host <n-62-30-8> by user <s250379> in cluster <dcc> at Tue May  5 20:42:41 2026
Job was executed on host(s) <4*n-62-20-6>, in queue <gpuv100>, as user <s250379> in cluster <dcc> at Tue May  5 21:02:12 2026
</zhome/fd/2/219569> was used as the home directory.
</zhome/fd/2/219569/slms> was used as the working directory.
Started at Tue May  5 21:02:12 2026
Terminated at Tue May  5 21:03:45 2026
Results reported at Tue May  5 21:03:45 2026

Your job looked like:

------------------------------------------------------------
# LSBATCH: User input
#!/bin/bash
#BSUB -R "rusage[mem=3GB] span[hosts=1]"
#BSUB -gpu "num=1:mode=exclusive_process"
#BSUB -q gpuv100
#BSUB -W 00:15
#BSUB -J s3_e64
#BSUB -n 4
#BSUB -o hpcoutput/s3_e64_%J.out
#BSUB -e hpcoutput/s3_e64_%J.err



source /dtu/projects/02613_2025/conda/conda_init.sh
conda deactivate

conda activate ~/my_env


python src/train.py --exp s3_e64

------------------------------------------------------------

Successfully completed.

Resource usage summary:

    CPU time :                                   94.00 sec.
    Max Memory :                                 848 MB
    Average Memory :                             848.00 MB
    Total Requested Memory :                     12288.00 MB
    Delta Memory :                               11440.00 MB
    Max Swap :                                   -
    Max Processes :                              4
    Max Threads :                                13
    Run time :                                   93 sec.
    Turnaround time :                            1264 sec.

The output (if any) is above this job summary.



PS:

Read file <hpcoutput/s3_e64_28362790.err> for stderr output of this job.

