cofg is TrainingConfig(OUT_DIR='out', DATA_DIR='data', EVAL_INTERVAL=200, EVAL_ITERS=50, LOG_INTERVAL=50, SAVE_CHECKPOINT=True, SAVE_CHECKPOINT_NAME='s3_e512.pt', N_LAYER=4, N_HEAD=4, N_EMBD=512, DROPOUT=0.1, BIAS=True, SEED=1, DEVICE='cuda', DTYPE='float32', BATCH_SIZE=64, BLOCK_SIZE=256, MAX_ITERS=3000, LEARNING_RATE='3e-4', WEIGHT_DECAY=0.1, GRAD_CLIP=1.0, EMISSIONS_DIR='s3_e512')
Using device: cuda
{'vocab_size': 65, 'itos': {0: '\n', 1: ' ', 2: '!', 3: '$', 4: '&', 5: "'", 6: ',', 7: '-', 8: '.', 9: '3', 10: ':', 11: ';', 12: '?', 13: 'A', 14: 'B', 15: 'C', 16: 'D', 17: 'E', 18: 'F', 19: 'G', 20: 'H', 21: 'I', 22: 'J', 23: 'K', 24: 'L', 25: 'M', 26: 'N', 27: 'O', 28: 'P', 29: 'Q', 30: 'R', 31: 'S', 32: 'T', 33: 'U', 34: 'V', 35: 'W', 36: 'X', 37: 'Y', 38: 'Z', 39: 'a', 40: 'b', 41: 'c', 42: 'd', 43: 'e', 44: 'f', 45: 'g', 46: 'h', 47: 'i', 48: 'j', 49: 'k', 50: 'l', 51: 'm', 52: 'n', 53: 'o', 54: 'p', 55: 'q', 56: 'r', 57: 's', 58: 't', 59: 'u', 60: 'v', 61: 'w', 62: 'x', 63: 'y', 64: 'z'}, 'stoi': {'\n': 0, ' ': 1, '!': 2, '$': 3, '&': 4, "'": 5, ',': 6, '-': 7, '.': 8, '3': 9, ':': 10, ';': 11, '?': 12, 'A': 13, 'B': 14, 'C': 15, 'D': 16, 'E': 17, 'F': 18, 'G': 19, 'H': 20, 'I': 21, 'J': 22, 'K': 23, 'L': 24, 'M': 25, 'N': 26, 'O': 27, 'P': 28, 'Q': 29, 'R': 30, 'S': 31, 'T': 32, 'U': 33, 'V': 34, 'W': 35, 'X': 36, 'Y': 37, 'Z': 38, 'a': 39, 'b': 40, 'c': 41, 'd': 42, 'e': 43, 'f': 44, 'g': 45, 'h': 46, 'i': 47, 'j': 48, 'k': 49, 'l': 50, 'm': 51, 'n': 52, 'o': 53, 'p': 54, 'q': 55, 'r': 56, 's': 57, 't': 58, 'u': 59, 'v': 60, 'w': 61, 'x': 62, 'y': 63, 'z': 64}, 'train_fraction': 0.9, 'dataset': 'tiny_shakespeare_char', 'source_url': 'https://raw.githubusercontent.com/karpathy/char-rnn/master/data/tinyshakespeare/input.txt'}
iter     0 | train loss 4.1683 | val loss 4.1702 | elapsed 4.6s
iter     0 | loss 4.1824
iter    50 | loss 2.5627
iter   100 | loss 2.4658
iter   150 | loss 2.4155
iter   200 | train loss 2.2937 | val loss 2.3349 | elapsed 35.8s
iter   200 | loss 2.3379
iter   250 | loss 2.2580
iter   300 | loss 2.1278
iter   350 | loss 2.0412
iter   400 | train loss 1.8094 | val loss 1.9344 | elapsed 75.1s
iter   400 | loss 1.8839
iter   450 | loss 1.8154
iter   500 | loss 1.7547
iter   550 | loss 1.6634
iter   600 | train loss 1.5516 | val loss 1.7331 | elapsed 111.4s
iter   600 | loss 1.6004
iter   650 | loss 1.5898
iter   700 | loss 1.5572
iter   750 | loss 1.5427
iter   800 | train loss 1.4252 | val loss 1.6329 | elapsed 152.3s
iter   800 | loss 1.5222
iter   850 | loss 1.4844
iter   900 | loss 1.4366
iter   950 | loss 1.4338
iter  1000 | train loss 1.3350 | val loss 1.5719 | elapsed 188.4s
iter  1000 | loss 1.4024
iter  1050 | loss 1.3733
iter  1100 | loss 1.4053
iter  1150 | loss 1.3899
iter  1200 | train loss 1.2842 | val loss 1.5361 | elapsed 226.6s
iter  1200 | loss 1.3644
iter  1250 | loss 1.3375
iter  1300 | loss 1.3298
iter  1350 | loss 1.2809
iter  1400 | train loss 1.2232 | val loss 1.5160 | elapsed 263.4s
iter  1400 | loss 1.3412
iter  1450 | loss 1.2493
iter  1500 | loss 1.2781
iter  1550 | loss 1.3072
iter  1600 | train loss 1.1777 | val loss 1.5057 | elapsed 307.7s
iter  1600 | loss 1.2728
iter  1650 | loss 1.2748
iter  1700 | loss 1.2817
iter  1750 | loss 1.1928
iter  1800 | train loss 1.1395 | val loss 1.4870 | elapsed 347.7s
iter  1800 | loss 1.1955
iter  1850 | loss 1.2130
iter  1900 | loss 1.1892
iter  1950 | loss 1.2245
iter  2000 | train loss 1.1069 | val loss 1.5001 | elapsed 384.3s
iter  2000 | loss 1.1620
iter  2050 | loss 1.1825
iter  2100 | loss 1.1832
iter  2150 | loss 1.1630
iter  2200 | train loss 1.0658 | val loss 1.5119 | elapsed 420.6s
iter  2200 | loss 1.1577
iter  2250 | loss 1.1533
iter  2300 | loss 1.1261
iter  2350 | loss 1.1379
iter  2400 | train loss 1.0287 | val loss 1.5136 | elapsed 457.1s
iter  2400 | loss 1.0962
iter  2450 | loss 1.0969
iter  2500 | loss 1.1050
iter  2550 | loss 1.0860
iter  2600 | train loss 0.9895 | val loss 1.5356 | elapsed 494.0s
iter  2600 | loss 1.0810
iter  2650 | loss 1.1147
iter  2700 | loss 1.0854
iter  2750 | loss 1.0757
iter  2800 | train loss 0.9494 | val loss 1.5317 | elapsed 529.1s
iter  2800 | loss 1.0396
iter  2850 | loss 1.0599
iter  2900 | loss 1.0543
iter  2950 | loss 1.0464
iter  3000 | train loss 0.9038 | val loss 1.5619 | elapsed 566.1s
iter  3000 | loss 1.0340

--- Training Functional Unit Report ---
Scenario: s3_e512
Iterations: 3000 | Batch: 64 | Block: 256
Total Emissions: 5.1333 gCO2eq per training run
Training completed.

------------------------------------------------------------
Sender: LSF System <lsfadmin@hpc.dtu.dk>
Subject: Job 28362793: <s3_e512> in cluster <dcc> Done

Job <s3_e512> was submitted from host <n-62-30-8> by user <s250379> in cluster <dcc> at Tue May  5 20:42:42 2026
Job was executed on host(s) <4*n-62-20-11>, in queue <gpuv100>, as user <s250379> in cluster <dcc> at Tue May  5 21:03:10 2026
</zhome/fd/2/219569> was used as the home directory.
</zhome/fd/2/219569/slms> was used as the working directory.
Started at Tue May  5 21:03:10 2026
Terminated at Tue May  5 21:12:56 2026
Results reported at Tue May  5 21:12:56 2026

Your job looked like:

------------------------------------------------------------
# LSBATCH: User input
#!/bin/bash
#BSUB -R "rusage[mem=3GB] span[hosts=1]"
#BSUB -gpu "num=1:mode=exclusive_process"
#BSUB -q gpuv100
#BSUB -W 00:25
#BSUB -J s3_e512
#BSUB -n 4
#BSUB -o hpcoutput/s3_e512_%J.out
#BSUB -e hpcoutput/s3_e512_%J.err



source /dtu/projects/02613_2025/conda/conda_init.sh
conda deactivate

conda activate ~/my_env


python src/train.py --exp s3_e512

------------------------------------------------------------

Successfully completed.

Resource usage summary:

    CPU time :                                   527.00 sec.
    Max Memory :                                 1015 MB
    Average Memory :                             891.00 MB
    Total Requested Memory :                     12288.00 MB
    Delta Memory :                               11273.00 MB
    Max Swap :                                   -
    Max Processes :                              4
    Max Threads :                                13
    Run time :                                   586 sec.
    Turnaround time :                            1814 sec.

The output (if any) is above this job summary.



PS:

Read file <hpcoutput/s3_e512_28362793.err> for stderr output of this job.

