cofg is TrainingConfig(OUT_DIR='out', DATA_DIR='data', EVAL_INTERVAL=200, EVAL_ITERS=50, LOG_INTERVAL=50, SAVE_CHECKPOINT=True, N_LAYER=8, N_HEAD=8, N_EMBD=128, DROPOUT=0.2, BIAS=True, SEED=1, DEVICE='cuda', DTYPE='float32', BATCH_SIZE=128, BLOCK_SIZE=256, MAX_ITERS=5000, LEARNING_RATE='2e-4', WEIGHT_DECAY=0.1, GRAD_CLIP=1.0, EMISSIONS_DIR='two')
{'vocab_size': 65, 'itos': {0: '\n', 1: ' ', 2: '!', 3: '$', 4: '&', 5: "'", 6: ',', 7: '-', 8: '.', 9: '3', 10: ':', 11: ';', 12: '?', 13: 'A', 14: 'B', 15: 'C', 16: 'D', 17: 'E', 18: 'F', 19: 'G', 20: 'H', 21: 'I', 22: 'J', 23: 'K', 24: 'L', 25: 'M', 26: 'N', 27: 'O', 28: 'P', 29: 'Q', 30: 'R', 31: 'S', 32: 'T', 33: 'U', 34: 'V', 35: 'W', 36: 'X', 37: 'Y', 38: 'Z', 39: 'a', 40: 'b', 41: 'c', 42: 'd', 43: 'e', 44: 'f', 45: 'g', 46: 'h', 47: 'i', 48: 'j', 49: 'k', 50: 'l', 51: 'm', 52: 'n', 53: 'o', 54: 'p', 55: 'q', 56: 'r', 57: 's', 58: 't', 59: 'u', 60: 'v', 61: 'w', 62: 'x', 63: 'y', 64: 'z'}, 'stoi': {'\n': 0, ' ': 1, '!': 2, '$': 3, '&': 4, "'": 5, ',': 6, '-': 7, '.': 8, '3': 9, ':': 10, ';': 11, '?': 12, 'A': 13, 'B': 14, 'C': 15, 'D': 16, 'E': 17, 'F': 18, 'G': 19, 'H': 20, 'I': 21, 'J': 22, 'K': 23, 'L': 24, 'M': 25, 'N': 26, 'O': 27, 'P': 28, 'Q': 29, 'R': 30, 'S': 31, 'T': 32, 'U': 33, 'V': 34, 'W': 35, 'X': 36, 'Y': 37, 'Z': 38, 'a': 39, 'b': 40, 'c': 41, 'd': 42, 'e': 43, 'f': 44, 'g': 45, 'h': 46, 'i': 47, 'j': 48, 'k': 49, 'l': 50, 'm': 51, 'n': 52, 'o': 53, 'p': 54, 'q': 55, 'r': 56, 's': 57, 't': 58, 'u': 59, 'v': 60, 'w': 61, 'x': 62, 'y': 63, 'z': 64}, 'train_fraction': 0.9, 'dataset': 'tiny_shakespeare_char', 'source_url': 'https://raw.githubusercontent.com/karpathy/char-rnn/master/data/tinyshakespeare/input.txt'}
iter     0 | train loss 4.2091 | val loss 4.2088 | elapsed 6.1s
iter     0 | loss 4.2089
iter    50 | loss 2.9784
iter   100 | loss 2.6980
iter   150 | loss 2.5938
iter   200 | train loss 2.5143 | val loss 2.5146 | elapsed 40.3s
iter   200 | loss 2.5384
iter   250 | loss 2.5094
iter   300 | loss 2.4685
iter   350 | loss 2.4448
iter   400 | train loss 2.3876 | val loss 2.3910 | elapsed 74.4s
iter   400 | loss 2.4265
iter   450 | loss 2.3956
iter   500 | loss 2.3952
iter   550 | loss 2.3656
iter   600 | train loss 2.2934 | val loss 2.3136 | elapsed 108.6s
iter   600 | loss 2.3494
iter   650 | loss 2.3284
iter   700 | loss 2.2968
iter   750 | loss 2.2791
iter   800 | train loss 2.1704 | val loss 2.2075 | elapsed 142.8s
iter   800 | loss 2.2363
iter   850 | loss 2.2158
iter   900 | loss 2.2105
iter   950 | loss 2.1680
iter  1000 | train loss 2.0605 | val loss 2.1125 | elapsed 177.0s
iter  1000 | loss 2.1496
iter  1050 | loss 2.1282
iter  1100 | loss 2.0923
iter  1150 | loss 2.0920
iter  1200 | train loss 1.9517 | val loss 2.0246 | elapsed 211.2s
iter  1200 | loss 2.0452
iter  1250 | loss 2.0320
iter  1300 | loss 2.0054
iter  1350 | loss 1.9791
iter  1400 | train loss 1.8476 | val loss 1.9589 | elapsed 245.3s
iter  1400 | loss 1.9653
iter  1450 | loss 1.9581
iter  1500 | loss 1.9191
iter  1550 | loss 1.9213
iter  1600 | train loss 1.7776 | val loss 1.9087 | elapsed 279.5s
iter  1600 | loss 1.8872
iter  1650 | loss 1.8469
iter  1700 | loss 1.8675
iter  1750 | loss 1.8496
iter  1800 | train loss 1.7119 | val loss 1.8671 | elapsed 313.7s
iter  1800 | loss 1.8304
iter  1850 | loss 1.8157
iter  1900 | loss 1.7899
iter  1950 | loss 1.7801
iter  2000 | train loss 1.6637 | val loss 1.8252 | elapsed 347.9s
iter  2000 | loss 1.7918
iter  2050 | loss 1.7430
iter  2100 | loss 1.7714
iter  2150 | loss 1.7405
iter  2200 | train loss 1.6169 | val loss 1.7898 | elapsed 382.1s
iter  2200 | loss 1.7175
iter  2250 | loss 1.7453
iter  2300 | loss 1.7148
iter  2350 | loss 1.6868
iter  2400 | train loss 1.5896 | val loss 1.7688 | elapsed 416.2s
iter  2400 | loss 1.7010
iter  2450 | loss 1.7024
iter  2500 | loss 1.6703
iter  2550 | loss 1.6910
iter  2600 | train loss 1.5520 | val loss 1.7410 | elapsed 450.4s
iter  2600 | loss 1.6449
iter  2650 | loss 1.6454
iter  2700 | loss 1.6427
iter  2750 | loss 1.6501
iter  2800 | train loss 1.5249 | val loss 1.7184 | elapsed 484.6s
iter  2800 | loss 1.6597
iter  2850 | loss 1.6441
iter  2900 | loss 1.6360
iter  2950 | loss 1.6076
iter  3000 | train loss 1.5046 | val loss 1.6839 | elapsed 518.8s
iter  3000 | loss 1.6152
iter  3050 | loss 1.6058
iter  3100 | loss 1.5938
iter  3150 | loss 1.5976
iter  3200 | train loss 1.4770 | val loss 1.6742 | elapsed 553.0s
iter  3200 | loss 1.5842
iter  3250 | loss 1.5761
iter  3300 | loss 1.5762
iter  3350 | loss 1.5964
iter  3400 | train loss 1.4594 | val loss 1.6450 | elapsed 587.2s
iter  3400 | loss 1.6039
iter  3450 | loss 1.5794
iter  3500 | loss 1.5693
iter  3550 | loss 1.5411
iter  3600 | train loss 1.4417 | val loss 1.6388 | elapsed 621.4s
iter  3600 | loss 1.5324
iter  3650 | loss 1.5761
iter  3700 | loss 1.5386
iter  3750 | loss 1.5022
iter  3800 | train loss 1.4257 | val loss 1.6197 | elapsed 655.8s
iter  3800 | loss 1.5044
iter  3850 | loss 1.5370
iter  3900 | loss 1.5202
iter  3950 | loss 1.5185
iter  4000 | train loss 1.4138 | val loss 1.6143 | elapsed 690.0s
iter  4000 | loss 1.5390
iter  4050 | loss 1.5322
iter  4100 | loss 1.4916
iter  4150 | loss 1.4909
iter  4200 | train loss 1.3996 | val loss 1.6008 | elapsed 724.5s
iter  4200 | loss 1.4961
iter  4250 | loss 1.4903
iter  4300 | loss 1.4888
iter  4350 | loss 1.5021
iter  4400 | train loss 1.3847 | val loss 1.5836 | elapsed 758.7s
iter  4400 | loss 1.4864
iter  4450 | loss 1.4702
iter  4500 | loss 1.4962
iter  4550 | loss 1.4750
iter  4600 | train loss 1.3779 | val loss 1.5872 | elapsed 792.8s
iter  4600 | loss 1.4730
iter  4650 | loss 1.4818
iter  4700 | loss 1.4831
iter  4750 | loss 1.4740
iter  4800 | train loss 1.3629 | val loss 1.5710 | elapsed 827.0s
iter  4800 | loss 1.4523
iter  4850 | loss 1.4709
iter  4900 | loss 1.4622
iter  4950 | loss 1.4676
iter  5000 | train loss 1.3548 | val loss 1.5649 | elapsed 861.2s
iter  5000 | loss 1.4754

--- Sustainability Functional Unit Report ---
Scenario: two
Total Tokens Processed: 163,840,000
Total Emissions: 6.3603 gCO2e
Functional Unit Impact: 0.0388 gCO2e per 1M tokens
Training completed.

------------------------------------------------------------
Sender: LSF System <lsfadmin@hpc.dtu.dk>
Subject: Job 28043313: <slm2> in cluster <dcc> Done

Job <slm2> was submitted from host <n-62-27-17> by user <s250379> in cluster <dcc> at Sun Mar 15 13:05:21 2026
Job was executed on host(s) <4*n-62-20-6>, in queue <gpuv100>, as user <s250379> in cluster <dcc> at Sun Mar 15 13:05:21 2026
</zhome/fd/2/219569> was used as the home directory.
</zhome/fd/2/219569/slms> was used as the working directory.
Started at Sun Mar 15 13:05:21 2026
Terminated at Sun Mar 15 13:19:57 2026
Results reported at Sun Mar 15 13:19:57 2026

Your job looked like:

------------------------------------------------------------
# LSBATCH: User input
#!/bin/bash
#BSUB -R "rusage[mem=7GB] span[hosts=1]"
#BSUB -gpu "num=1:mode=exclusive_process"
#BSUB -q gpuv100
#BSUB -W 10:00
#BSUB -J slm2
#BSUB -n 4
#BSUB -o hpcoutput/two_%J.out
#BSUB -e hpcoutput/two_%J.err

# InitializePythonenvironment
source /dtu/projects/02613_2025/conda/conda_init.sh
conda deactivate

conda activate ~/my_env

python src/train.py --exp two

------------------------------------------------------------

Successfully completed.

Resource usage summary:

    CPU time :                                   881.00 sec.
    Max Memory :                                 846 MB
    Average Memory :                             797.89 MB
    Total Requested Memory :                     28672.00 MB
    Delta Memory :                               27826.00 MB
    Max Swap :                                   -
    Max Processes :                              4
    Max Threads :                                12
    Run time :                                   889 sec.
    Turnaround time :                            876 sec.

The output (if any) is above this job summary.



PS:

Read file <hpcoutput/two_28043313.err> for stderr output of this job.

