cofg is TrainingConfig(OUT_DIR='out', DATA_DIR='data', EVAL_INTERVAL=200, EVAL_ITERS=50, LOG_INTERVAL=50, SAVE_CHECKPOINT=True, SAVE_CHECKPOINT_NAME='two.pt', N_LAYER=8, N_HEAD=8, N_EMBD=128, DROPOUT=0.2, BIAS=True, SEED=1, DEVICE='cuda', DTYPE='float32', BATCH_SIZE=64, BLOCK_SIZE=256, MAX_ITERS=3000, LEARNING_RATE='2e-4', WEIGHT_DECAY=0.1, GRAD_CLIP=1.0, EMISSIONS_DIR='two')
{'vocab_size': 65, 'itos': {0: '\n', 1: ' ', 2: '!', 3: '$', 4: '&', 5: "'", 6: ',', 7: '-', 8: '.', 9: '3', 10: ':', 11: ';', 12: '?', 13: 'A', 14: 'B', 15: 'C', 16: 'D', 17: 'E', 18: 'F', 19: 'G', 20: 'H', 21: 'I', 22: 'J', 23: 'K', 24: 'L', 25: 'M', 26: 'N', 27: 'O', 28: 'P', 29: 'Q', 30: 'R', 31: 'S', 32: 'T', 33: 'U', 34: 'V', 35: 'W', 36: 'X', 37: 'Y', 38: 'Z', 39: 'a', 40: 'b', 41: 'c', 42: 'd', 43: 'e', 44: 'f', 45: 'g', 46: 'h', 47: 'i', 48: 'j', 49: 'k', 50: 'l', 51: 'm', 52: 'n', 53: 'o', 54: 'p', 55: 'q', 56: 'r', 57: 's', 58: 't', 59: 'u', 60: 'v', 61: 'w', 62: 'x', 63: 'y', 64: 'z'}, 'stoi': {'\n': 0, ' ': 1, '!': 2, '$': 3, '&': 4, "'": 5, ',': 6, '-': 7, '.': 8, '3': 9, ':': 10, ';': 11, '?': 12, 'A': 13, 'B': 14, 'C': 15, 'D': 16, 'E': 17, 'F': 18, 'G': 19, 'H': 20, 'I': 21, 'J': 22, 'K': 23, 'L': 24, 'M': 25, 'N': 26, 'O': 27, 'P': 28, 'Q': 29, 'R': 30, 'S': 31, 'T': 32, 'U': 33, 'V': 34, 'W': 35, 'X': 36, 'Y': 37, 'Z': 38, 'a': 39, 'b': 40, 'c': 41, 'd': 42, 'e': 43, 'f': 44, 'g': 45, 'h': 46, 'i': 47, 'j': 48, 'k': 49, 'l': 50, 'm': 51, 'n': 52, 'o': 53, 'p': 54, 'q': 55, 'r': 56, 's': 57, 't': 58, 'u': 59, 'v': 60, 'w': 61, 'x': 62, 'y': 63, 'z': 64}, 'train_fraction': 0.9, 'dataset': 'tiny_shakespeare_char', 'source_url': 'https://raw.githubusercontent.com/karpathy/char-rnn/master/data/tinyshakespeare/input.txt'}
iter     0 | train loss 4.2092 | val loss 4.2088 | elapsed 10.6s
iter     0 | loss 4.2055
iter    50 | loss 2.9969
iter   100 | loss 2.6957
iter   150 | loss 2.6009
iter   200 | train loss 2.5326 | val loss 2.5252 | elapsed 32.9s
iter   200 | loss 2.5513
iter   250 | loss 2.5384
iter   300 | loss 2.4887
iter   350 | loss 2.4781
iter   400 | train loss 2.4211 | val loss 2.4281 | elapsed 51.6s
iter   400 | loss 2.4436
iter   450 | loss 2.4225
iter   500 | loss 2.4227
iter   550 | loss 2.4048
iter   600 | train loss 2.3486 | val loss 2.3607 | elapsed 70.4s
iter   600 | loss 2.3899
iter   650 | loss 2.3749
iter   700 | loss 2.3641
iter   750 | loss 2.3480
iter   800 | train loss 2.2550 | val loss 2.2770 | elapsed 89.5s
iter   800 | loss 2.2859
iter   850 | loss 2.3002
iter   900 | loss 2.3068
iter   950 | loss 2.2663
iter  1000 | train loss 2.1635 | val loss 2.2030 | elapsed 108.4s
iter  1000 | loss 2.2356
iter  1050 | loss 2.2435
iter  1100 | loss 2.1739
iter  1150 | loss 2.2032
iter  1200 | train loss 2.0645 | val loss 2.1180 | elapsed 127.5s
iter  1200 | loss 2.1812
iter  1250 | loss 2.1129
iter  1300 | loss 2.1128
iter  1350 | loss 2.0754
iter  1400 | train loss 1.9847 | val loss 2.0614 | elapsed 146.6s
iter  1400 | loss 2.0785
iter  1450 | loss 2.0836
iter  1500 | loss 2.0658
iter  1550 | loss 2.0244
iter  1600 | train loss 1.9059 | val loss 1.9956 | elapsed 166.2s
iter  1600 | loss 2.0456
iter  1650 | loss 1.9939
iter  1700 | loss 1.9612
iter  1750 | loss 1.9630
iter  1800 | train loss 1.8393 | val loss 1.9504 | elapsed 185.9s
iter  1800 | loss 1.9864
iter  1850 | loss 1.9352
iter  1900 | loss 1.9016
iter  1950 | loss 1.8799
iter  2000 | train loss 1.7807 | val loss 1.9110 | elapsed 204.7s
iter  2000 | loss 1.8839
iter  2050 | loss 1.8917
iter  2100 | loss 1.8819
iter  2150 | loss 1.8717
iter  2200 | train loss 1.7288 | val loss 1.8751 | elapsed 223.3s
iter  2200 | loss 1.8237
iter  2250 | loss 1.8292
iter  2300 | loss 1.8326
iter  2350 | loss 1.8153
iter  2400 | train loss 1.6919 | val loss 1.8388 | elapsed 242.7s
iter  2400 | loss 1.8047
iter  2450 | loss 1.7900
iter  2500 | loss 1.7751
iter  2550 | loss 1.7943
iter  2600 | train loss 1.6532 | val loss 1.8161 | elapsed 262.0s
iter  2600 | loss 1.7506
iter  2650 | loss 1.7458
iter  2700 | loss 1.7551
iter  2750 | loss 1.7606
iter  2800 | train loss 1.6215 | val loss 1.7941 | elapsed 280.8s
iter  2800 | loss 1.7444
iter  2850 | loss 1.7178
iter  2900 | loss 1.7133
iter  2950 | loss 1.7433
iter  3000 | train loss 1.5928 | val loss 1.7716 | elapsed 299.9s
iter  3000 | loss 1.7174

--- Sustainability Functional Unit Report ---
Scenario: two
Total Tokens Processed: 49,152,000
Total Emissions: 1.8227 gCO2e
Functional Unit Impact: 0.0371 gCO2e per 1M tokens
Training completed.

------------------------------------------------------------
Sender: LSF System <lsfadmin@hpc.dtu.dk>
Subject: Job 28158496: <slm2> in cluster <dcc> Done

Job <slm2> was submitted from host <n-62-27-19> by user <s250379> in cluster <dcc> at Tue Apr  7 20:46:45 2026
Job was executed on host(s) <4*n-62-11-13>, in queue <gpuv100>, as user <s250379> in cluster <dcc> at Tue Apr  7 20:49:59 2026
</zhome/fd/2/219569> was used as the home directory.
</zhome/fd/2/219569/slms> was used as the working directory.
Started at Tue Apr  7 20:49:59 2026
Terminated at Tue Apr  7 20:59:18 2026
Results reported at Tue Apr  7 20:59:18 2026

Your job looked like:

------------------------------------------------------------
# LSBATCH: User input
#!/bin/bash
#BSUB -R "rusage[mem=7GB] span[hosts=1]"
#BSUB -gpu "num=1:mode=exclusive_process"
#BSUB -q gpuv100
#BSUB -W 20:00
#BSUB -J slm2
#BSUB -n 4
#BSUB -o hpcoutput/two_%J.out
#BSUB -e hpcoutput/two_%J.err

# InitializePythonenvironment
source /dtu/projects/02613_2025/conda/conda_init.sh
conda deactivate

conda activate ~/my_env

python src/train.py --exp two

------------------------------------------------------------

Successfully completed.

Resource usage summary:

    CPU time :                                   304.00 sec.
    Max Memory :                                 854 MB
    Average Memory :                             643.00 MB
    Total Requested Memory :                     28672.00 MB
    Delta Memory :                               27818.00 MB
    Max Swap :                                   -
    Max Processes :                              4
    Max Threads :                                13
    Run time :                                   559 sec.
    Turnaround time :                            753 sec.

The output (if any) is above this job summary.



PS:

Read file <hpcoutput/two_28158496.err> for stderr output of this job.

